
> dummy-ecommerce@0.1.0 test:e2e
> playwright test


Running 147 tests using 6 workers

[1A[2K(node:25901) Warning: The 'NO_COLOR' env is ignored due to the 'FORCE_COLOR' env being set.
(Use `node --trace-warnings ...` to show where the warning was created)


[1A[2K(node:25903) Warning: The 'NO_COLOR' env is ignored due to the 'FORCE_COLOR' env being set.
(Use `node --trace-warnings ...` to show where the warning was created)


[1A[2K(node:25900) Warning: The 'NO_COLOR' env is ignored due to the 'FORCE_COLOR' env being set.
(Use `node --trace-warnings ...` to show where the warning was created)


[1A[2K(node:25902) Warning: The 'NO_COLOR' env is ignored due to the 'FORCE_COLOR' env being set.
(Use `node --trace-warnings ...` to show where the warning was created)


[1A[2K(node:25904) Warning: The 'NO_COLOR' env is ignored due to the 'FORCE_COLOR' env being set.
(Use `node --trace-warnings ...` to show where the warning was created)


[1A[2K(node:25899) Warning: The 'NO_COLOR' env is ignored due to the 'FORCE_COLOR' env being set.
(Use `node --trace-warnings ...` to show where the warning was created)


[1A[2K(node:25900) Warning: The 'NO_COLOR' env is ignored due to the 'FORCE_COLOR' env being set.
(Use `node --trace-warnings ...` to show where the warning was created)


[1A[2K(node:25903) Warning: The 'NO_COLOR' env is ignored due to the 'FORCE_COLOR' env being set.
(Use `node --trace-warnings ...` to show where the warning was created)


[1A[2K(node:25899) Warning: The 'NO_COLOR' env is ignored due to the 'FORCE_COLOR' env being set.
(Use `node --trace-warnings ...` to show where the warning was created)


[1A[2K(node:25904) Warning: The 'NO_COLOR' env is ignored due to the 'FORCE_COLOR' env being set.
(Use `node --trace-warnings ...` to show where the warning was created)


[1A[2K(node:25901) Warning: The 'NO_COLOR' env is ignored due to the 'FORCE_COLOR' env being set.
(Use `node --trace-warnings ...` to show where the warning was created)


[1A[2K(node:25902) Warning: The 'NO_COLOR' env is ignored due to the 'FORCE_COLOR' env being set.
(Use `node --trace-warnings ...` to show where the warning was created)


[1A[2K[1/147] [chromium] › e2e/cart-operations.spec.js:9:2 › Cart Operations › should add item to cart from product listing
[1A[2K[2/147] [chromium] › e2e/cart-operations.spec.js:22:2 › Cart Operations › should add item to cart from product detail page
[1A[2K[3/147] [chromium] › e2e/cart-operations.spec.js:44:2 › Cart Operations › should show empty cart message initially
[1A[2K[4/147] [chromium] › e2e/cart-operations.spec.js:64:2 › Cart Operations › should have "Go shopping" link that redirects to shop
[1A[2K[5/147] [chromium] › e2e/cart-operations.spec.js:55:2 › Cart Operations › should show placeholder image in empty cart
[1A[2K[6/147] [chromium] › e2e/cart-operations.spec.js:38:2 › Cart Operations › should navigate to cart page
[1A[2K[7/147] [chromium] › e2e/cart-operations.spec.js:88:2 › Cart Operations › should allow adding multiple different products
[1A[2K[8/147] [chromium] › e2e/cart-operations.spec.js:74:2 › Cart Operations › should disable add to cart button after adding item
[1A[2K[9/147] [chromium] › e2e/cart-operations.spec.js:104:2 › Cart Operations › should maintain add to cart functionality after page reload
[1A[2K[10/147] [chromium] › e2e/cart-operations.spec.js:119:2 › Cart Operations › should display product prices in shop
[1A[2K  1) [chromium] › e2e/cart-operations.spec.js:9:2 › Cart Operations › should add item to cart from product listing 

    Error: [2mexpect([22m[31mreceived[39m[2m).[22mtoBeTruthy[2m()[22m

    Received: [31mfalse[39m

      17 | 		// Button should be disabled after adding
      18 | 		const isDisabled = await addButton.isDisabled();
    > 19 | 		expect(isDisabled).toBeTruthy();
         | 		                   ^
      20 | 	});
      21 |
      22 | 	test('should add item to cart from product detail page', async ({ page }) => {
        at /Users/jamessun/Developer/GitHub/dummy-ecommerce/e2e/cart-operations.spec.js:19:22

    attachment #1: screenshot (image/png) ──────────────────────────────────────────────────────────
    test-results/cart-operations-Cart-Opera-966ff-o-cart-from-product-listing-chromium/test-failed-1.png
    ────────────────────────────────────────────────────────────────────────────────────────────────

    Error Context: test-results/cart-operations-Cart-Opera-966ff-o-cart-from-product-listing-chromium/error-context.md


[1A[2K[11/147] [chromium] › e2e/complete-shopping-flow.spec.js:41:2 › Complete Shopping Flow › should use Shop Now button from homepage
[1A[2K(node:26091) Warning: The 'NO_COLOR' env is ignored due to the 'FORCE_COLOR' env being set.
(Use `node --trace-warnings ...` to show where the warning was created)


[1A[2K(node:26091) Warning: The 'NO_COLOR' env is ignored due to the 'FORCE_COLOR' env being set.
(Use `node --trace-warnings ...` to show where the warning was created)


[1A[2K[12/147] [chromium] › e2e/complete-shopping-flow.spec.js:4:2 › Complete Shopping Flow › should complete full shopping journey from homepage to shop
[1A[2K[13/147] [chromium] › e2e/complete-shopping-flow.spec.js:56:2 › Complete Shopping Flow › should navigate between pages maintaining functionality
[1A[2K[14/147] [chromium] › e2e/complete-shopping-flow.spec.js:78:2 › Complete Shopping Flow › should search for product and view details
[1A[2K  2) [chromium] › e2e/complete-shopping-flow.spec.js:4:2 › Complete Shopping Flow › should complete full shopping journey from homepage to shop 

    Error: expect.toBeVisible: Error: strict mode violation: locator('h1') resolved to 3 elements:
        1) <h1 class="product-title">Red Tongs</h1> aka getByRole('heading', { name: 'Red Tongs' })
        2) <h1 class="product-title">Red Tongs</h1> aka getByText('Red Tongs').nth(2)
        3) <h1>Related Products</h1> aka getByRole('heading', { name: 'Related Products' })

    Call log:
    [2m  - Expect "toBeVisible" with timeout 5000ms[22m
    [2m  - waiting for locator('h1')[22m


      27 | 		
      28 | 		// 7. Verify product details page
    > 29 | 		await expect(page.locator('h1')).toBeVisible();
         | 		                                 ^
      30 | 		await expect(page.getByText(/product description/i)).toBeVisible();
      31 | 		
      32 | 		// 8. Add to cart
        at /Users/jamessun/Developer/GitHub/dummy-ecommerce/e2e/complete-shopping-flow.spec.js:29:36

    attachment #1: screenshot (image/png) ──────────────────────────────────────────────────────────
    test-results/complete-shopping-flow-Com-77b27-urney-from-homepage-to-shop-chromium/test-failed-1.png
    ────────────────────────────────────────────────────────────────────────────────────────────────

    Error Context: test-results/complete-shopping-flow-Com-77b27-urney-from-homepage-to-shop-chromium/error-context.md


[1A[2K(node:26196) Warning: The 'NO_COLOR' env is ignored due to the 'FORCE_COLOR' env being set.
(Use `node --trace-warnings ...` to show where the warning was created)


[1A[2K(node:26196) Warning: The 'NO_COLOR' env is ignored due to the 'FORCE_COLOR' env being set.
(Use `node --trace-warnings ...` to show where the warning was created)


[1A[2K[15/147] [chromium] › e2e/complete-shopping-flow.spec.js:99:2 › Complete Shopping Flow › should filter by price and add item
[1A[2K[16/147] [chromium] › e2e/complete-shopping-flow.spec.js:127:2 › Complete Shopping Flow › should view related products from product detail page
[1A[2K  3) [chromium] › e2e/cart-operations.spec.js:74:2 › Cart Operations › should disable add to cart button after adding item 

    Error: [2mexpect([22m[31mlocator[39m[2m).[22mtoBeDisabled[2m()[22m failed

    Locator:  getByRole('button', { name: /add to cart/i }).first()
    Expected: disabled
    Received: enabled
    Timeout:  5000ms

    Call log:
    [2m  - Expect "toBeDisabled" with timeout 5000ms[22m
    [2m  - waiting for getByRole('button', { name: /add to cart/i }).first()[22m
    [2m    9 × locator resolved to <button class="ui large button">…</button>[22m
    [2m      - unexpected value "enabled"[22m


      83 | 		
      84 | 		// Should be disabled after adding
    > 85 | 		await expect(addButton).toBeDisabled();
         | 		                        ^
      86 | 	});
      87 |
      88 | 	test('should allow adding multiple different products', async ({ page }) => {
        at /Users/jamessun/Developer/GitHub/dummy-ecommerce/e2e/cart-operations.spec.js:85:27

    attachment #1: screenshot (image/png) ──────────────────────────────────────────────────────────
    test-results/cart-operations-Cart-Opera-6a388-rt-button-after-adding-item-chromium/test-failed-1.png
    ────────────────────────────────────────────────────────────────────────────────────────────────

    Error Context: test-results/cart-operations-Cart-Opera-6a388-rt-button-after-adding-item-chromium/error-context.md


[1A[2K(node:26292) Warning: The 'NO_COLOR' env is ignored due to the 'FORCE_COLOR' env being set.
(Use `node --trace-warnings ...` to show where the warning was created)


[1A[2K(node:26292) Warning: The 'NO_COLOR' env is ignored due to the 'FORCE_COLOR' env being set.
(Use `node --trace-warnings ...` to show where the warning was created)


[1A[2K[17/147] [chromium] › e2e/complete-shopping-flow.spec.js:144:2 › Complete Shopping Flow › should display correct page title on all pages
[1A[2K  4) [chromium] › e2e/complete-shopping-flow.spec.js:78:2 › Complete Shopping Flow › should search for product and view details 

    Error: expect.toBeVisible: Error: strict mode violation: locator('h1') resolved to 3 elements:
        1) <h1 class="product-title">Red Tongs</h1> aka getByRole('heading', { name: 'Red Tongs' })
        2) <h1 class="product-title">Red Tongs</h1> aka getByText('Red Tongs').nth(2)
        3) <h1>Related Products</h1> aka getByRole('heading', { name: 'Related Products' })

    Call log:
    [2m  - Expect "toBeVisible" with timeout 5000ms[22m
    [2m  - waiting for locator('h1')[22m


      94 | 		
      95 | 		// Should show product details
    > 96 | 		await expect(page.locator('h1')).toBeVisible();
         | 		                                 ^
      97 | 	});
      98 |
      99 | 	test('should filter by price and add item', async ({ page }) => {
        at /Users/jamessun/Developer/GitHub/dummy-ecommerce/e2e/complete-shopping-flow.spec.js:96:36

    attachment #1: screenshot (image/png) ──────────────────────────────────────────────────────────
    test-results/complete-shopping-flow-Com-52c6d-or-product-and-view-details-chromium/test-failed-1.png
    ────────────────────────────────────────────────────────────────────────────────────────────────

    Error Context: test-results/complete-shopping-flow-Com-52c6d-or-product-and-view-details-chromium/error-context.md


[1A[2K(node:26310) Warning: The 'NO_COLOR' env is ignored due to the 'FORCE_COLOR' env being set.
(Use `node --trace-warnings ...` to show where the warning was created)


[1A[2K(node:26310) Warning: The 'NO_COLOR' env is ignored due to the 'FORCE_COLOR' env being set.
(Use `node --trace-warnings ...` to show where the warning was created)


[1A[2K[18/147] [chromium] › e2e/complete-shopping-flow.spec.js:158:2 › Complete Shopping Flow › should have consistent header across all pages
[1A[2K  5) [chromium] › e2e/cart-operations.spec.js:88:2 › Cart Operations › should allow adding multiple different products 

    Error: [2mexpect([22m[31mlocator[39m[2m).[22mtoBeDisabled[2m()[22m failed

    Locator:  getByRole('button', { name: /add to cart/i }).first()
    Expected: disabled
    Received: enabled
    Timeout:  5000ms

    Call log:
    [2m  - Expect "toBeDisabled" with timeout 5000ms[22m
    [2m  - waiting for getByRole('button', { name: /add to cart/i }).first()[22m
    [2m    9 × locator resolved to <button class="ui large button">…</button>[22m
    [2m      - unexpected value "enabled"[22m


       98 | 		
       99 | 		// Both should be disabled
    > 100 | 		await expect(firstButton).toBeDisabled();
          | 		                          ^
      101 | 		await expect(secondButton).toBeDisabled();
      102 | 	});
      103 |
        at /Users/jamessun/Developer/GitHub/dummy-ecommerce/e2e/cart-operations.spec.js:100:29

    attachment #1: screenshot (image/png) ──────────────────────────────────────────────────────────
    test-results/cart-operations-Cart-Opera-138d1-multiple-different-products-chromium/test-failed-1.png
    ────────────────────────────────────────────────────────────────────────────────────────────────

    Error Context: test-results/cart-operations-Cart-Opera-138d1-multiple-different-products-chromium/error-context.md


[1A[2K[19/147] [chromium] › e2e/complete-shopping-flow.spec.js:191:2 › Complete Shopping Flow › should handle rapid navigation without errors
[1A[2K(node:26320) Warning: The 'NO_COLOR' env is ignored due to the 'FORCE_COLOR' env being set.
(Use `node --trace-warnings ...` to show where the warning was created)


[1A[2K(node:26320) Warning: The 'NO_COLOR' env is ignored due to the 'FORCE_COLOR' env being set.
(Use `node --trace-warnings ...` to show where the warning was created)


[1A[2K[20/147] [chromium] › e2e/complete-shopping-flow.spec.js:176:2 › Complete Shopping Flow › should have consistent footer across all pages
[1A[2K  6) [chromium] › e2e/cart-operations.spec.js:104:2 › Cart Operations › should maintain add to cart functionality after page reload 

    Error: [2mexpect([22m[31mlocator[39m[2m).[22mtoBeDisabled[2m()[22m failed

    Locator:  getByRole('button', { name: /add to cart/i }).first()
    Expected: disabled
    Received: enabled
    Timeout:  5000ms

    Call log:
    [2m  - Expect "toBeDisabled" with timeout 5000ms[22m
    [2m  - waiting for getByRole('button', { name: /add to cart/i }).first()[22m
    [2m    9 × locator resolved to <button class="ui large button">…</button>[22m
    [2m      - unexpected value "enabled"[22m


      114 | 		await page.waitForTimeout(1000);
      115 | 		
    > 116 | 		await expect(addButton).toBeDisabled();
          | 		                        ^
      117 | 	});
      118 |
      119 | 	test('should display product prices in shop', async ({ page }) => {
        at /Users/jamessun/Developer/GitHub/dummy-ecommerce/e2e/cart-operations.spec.js:116:27

    attachment #1: screenshot (image/png) ──────────────────────────────────────────────────────────
    test-results/cart-operations-Cart-Opera-40b70-tionality-after-page-reload-chromium/test-failed-1.png
    ────────────────────────────────────────────────────────────────────────────────────────────────

    Error Context: test-results/cart-operations-Cart-Opera-40b70-tionality-after-page-reload-chromium/error-context.md


[1A[2K[21/147] [chromium] › e2e/homepage-navigation.spec.js:16:2 › Homepage and Navigation › should display header with logo and navigation
[1A[2K(node:26389) Warning: The 'NO_COLOR' env is ignored due to the 'FORCE_COLOR' env being set.
(Use `node --trace-warnings ...` to show where the warning was created)


[1A[2K(node:26389) Warning: The 'NO_COLOR' env is ignored due to the 'FORCE_COLOR' env being set.
(Use `node --trace-warnings ...` to show where the warning was created)


[1A[2K[22/147] [chromium] › e2e/homepage-navigation.spec.js:8:2 › Homepage and Navigation › should load homepage successfully
[1A[2K[23/147] [chromium] › e2e/homepage-navigation.spec.js:24:2 › Homepage and Navigation › should navigate to shop page
[1A[2K[24/147] [chromium] › e2e/homepage-navigation.spec.js:34:2 › Homepage and Navigation › should navigate to cart page
[1A[2K[25/147] [chromium] › e2e/homepage-navigation.spec.js:41:2 › Homepage and Navigation › should show empty cart initially
[1A[2K[26/147] [chromium] › e2e/homepage-navigation.spec.js:48:2 › Homepage and Navigation › should display footer
[1A[2K[27/147] [chromium] › e2e/homepage-navigation.spec.js:56:2 › Homepage and Navigation › should have working logo link to homepage
[1A[2K  7) [chromium] › e2e/complete-shopping-flow.spec.js:158:2 › Complete Shopping Flow › should have consistent header across all pages 

    Error: [2mexpect([22m[31mlocator[39m[2m).[22mtoBeVisible[2m()[22m failed

    Locator:  locator('img[alt*="logo"]').first()
    Expected: visible
    Received: hidden
    Timeout:  5000ms

    Call log:
    [2m  - Expect "toBeVisible" with timeout 5000ms[22m
    [2m  - waiting for locator('img[alt*="logo"]').first()[22m
    [2m    9 × locator resolved to <img alt="xsmall logo" class="ui image logo" src="data:image/png;base64,iVBORw0KGgoAAAANSUhEUgAAAFcAAAAUCAYAAAD4BKGuAAAACXBIWXMAAAsTAAALEwEAmpwYAAAAAXNSR0IArs4c6QAAAARnQU1BAACxjwv8YQUAAANlSURBVHgB7VdbUtRAFD3z8McCjSsw/vnnuIPwZ1nEGtyAsAJgBcAKgBUwbEBFRn5tVuC4AuMKHKv8oCxhPDd9m/RkkszwKEAqp6onSfft++7bd4AaNWrUGEOrYi3geM5xoqPGBdEomX/HscORcIT6voUpiBiQOaBTtt4HzCvya3OcAcMjYODW3Lyjk+dr8mraII/B7XXreV5lPKMK/X5zvyGfvMwy3jmbI9IF3Jc4PrLWLqAPOTY5XiJz7geOY6jRZXgIdBmtvQqSBgUuk2ajZXktuAU3rzKfyVzLyg3zTNxeGrPNPRG/hxH3OKM…/>[22m
    [2m      - unexpected value "hidden"[22m


      159 | 		// Check homepage
      160 | 		await page.goto('/');
    > 161 | 		await expect(page.locator('img[alt*="logo"]').first()).toBeVisible();
          | 		                                                       ^
      162 | 		await expect(page.getByRole('link', { name: /shop/i })).toBeVisible();
      163 | 		
      164 | 		// Check shop
        at /Users/jamessun/Developer/GitHub/dummy-ecommerce/e2e/complete-shopping-flow.spec.js:161:58

    attachment #1: screenshot (image/png) ──────────────────────────────────────────────────────────
    test-results/complete-shopping-flow-Com-b7706-ent-header-across-all-pages-chromium/test-failed-1.png
    ────────────────────────────────────────────────────────────────────────────────────────────────

    Error Context: test-results/complete-shopping-flow-Com-b7706-ent-header-across-all-pages-chromium/error-context.md


[1A[2K(node:26471) Warning: The 'NO_COLOR' env is ignored due to the 'FORCE_COLOR' env being set.
(Use `node --trace-warnings ...` to show where the warning was created)


[1A[2K(node:26471) Warning: The 'NO_COLOR' env is ignored due to the 'FORCE_COLOR' env being set.
(Use `node --trace-warnings ...` to show where the warning was created)


[1A[2K[28/147] [chromium] › e2e/product-browsing.spec.js:10:2 › Product Browsing and Details › should display product list in shop
[1A[2K[29/147] [chromium] › e2e/product-browsing.spec.js:19:2 › Product Browsing and Details › should display product information on cards
[1A[2K  8) [chromium] › e2e/complete-shopping-flow.spec.js:99:2 › Complete Shopping Flow › should filter by price and add item 

    Error: [2mexpect([22m[31mlocator[39m[2m).[22mtoBeDisabled[2m()[22m failed

    Locator:  getByRole('button', { name: /add to cart/i }).first()
    Expected: disabled
    Received: enabled
    Timeout:  5000ms

    Call log:
    [2m  - Expect "toBeDisabled" with timeout 5000ms[22m
    [2m  - waiting for getByRole('button', { name: /add to cart/i }).first()[22m
    [2m    9 × locator resolved to <button class="ui large button">…</button>[22m
    [2m      - unexpected value "enabled"[22m


      119 | 			// Button should be disabled
      120 | 			const firstButton = page.getByRole('button', { name: /add to cart/i }).first();
    > 121 | 			await expect(firstButton).toBeDisabled();
          | 			                          ^
      122 | 		}
      123 | 		
      124 | 		expect(productCount).toBeGreaterThanOrEqual(0);
        at /Users/jamessun/Developer/GitHub/dummy-ecommerce/e2e/complete-shopping-flow.spec.js:121:30

    attachment #1: screenshot (image/png) ──────────────────────────────────────────────────────────
    test-results/complete-shopping-flow-Com-1a314-ilter-by-price-and-add-item-chromium/test-failed-1.png
    ────────────────────────────────────────────────────────────────────────────────────────────────

    Error Context: test-results/complete-shopping-flow-Com-1a314-ilter-by-price-and-add-item-chromium/error-context.md


[1A[2K(node:26494) Warning: The 'NO_COLOR' env is ignored due to the 'FORCE_COLOR' env being set.
(Use `node --trace-warnings ...` to show where the warning was created)


[1A[2K(node:26494) Warning: The 'NO_COLOR' env is ignored due to the 'FORCE_COLOR' env being set.
(Use `node --trace-warnings ...` to show where the warning was created)


[1A[2K[30/147] [chromium] › e2e/product-browsing.spec.js:32:2 › Product Browsing and Details › should navigate to product details page
[1A[2K  9) [chromium] › e2e/homepage-navigation.spec.js:16:2 › Homepage and Navigation › should display header with logo and navigation 

    Error: [2mexpect([22m[31mlocator[39m[2m).[22mtoBeVisible[2m()[22m failed

    Locator:  locator('img[alt*="logo"]').first()
    Expected: visible
    Received: hidden
    Timeout:  5000ms

    Call log:
    [2m  - Expect "toBeVisible" with timeout 5000ms[22m
    [2m  - waiting for locator('img[alt*="logo"]').first()[22m
    [2m    9 × locator resolved to <img alt="xsmall logo" class="ui image logo" src="data:image/png;base64,iVBORw0KGgoAAAANSUhEUgAAAFcAAAAUCAYAAAD4BKGuAAAACXBIWXMAAAsTAAALEwEAmpwYAAAAAXNSR0IArs4c6QAAAARnQU1BAACxjwv8YQUAAANlSURBVHgB7VdbUtRAFD3z8McCjSsw/vnnuIPwZ1nEGtyAsAJgBcAKgBUwbEBFRn5tVuC4AuMKHKv8oCxhPDd9m/RkkszwKEAqp6onSfft++7bd4AaNWrUGEOrYi3geM5xoqPGBdEomX/HscORcIT6voUpiBiQOaBTtt4HzCvya3OcAcMjYODW3Lyjk+dr8mraII/B7XXreV5lPKMK/X5zvyGfvMwy3jmbI9IF3Jc4PrLWLqAPOTY5XiJz7geOY6jRZXgIdBmtvQqSBgUuk2ajZXktuAU3rzKfyVzLyg3zTNxeGrPNPRG/hxH3OKM…/>[22m
    [2m      - unexpected value "hidden"[22m


      16 | 	test('should display header with logo and navigation', async ({ page }) => {
      17 | 		// Check logo is visible
    > 18 | 		await expect(page.locator('img[alt*="logo"]').first()).toBeVisible();
         | 		                                                       ^
      19 | 		
      20 | 		// Check navigation menu - Shop link
      21 | 		await expect(page.getByRole('link', { name: /shop/i })).toBeVisible();
        at /Users/jamessun/Developer/GitHub/dummy-ecommerce/e2e/homepage-navigation.spec.js:18:58

    attachment #1: screenshot (image/png) ──────────────────────────────────────────────────────────
    test-results/homepage-navigation-Homepa-121ff-er-with-logo-and-navigation-chromium/test-failed-1.png
    ────────────────────────────────────────────────────────────────────────────────────────────────

    Error Context: test-results/homepage-navigation-Homepa-121ff-er-with-logo-and-navigation-chromium/error-context.md


[1A[2K(node:26526) Warning: The 'NO_COLOR' env is ignored due to the 'FORCE_COLOR' env being set.
(Use `node --trace-warnings ...` to show where the warning was created)


[1A[2K(node:26526) Warning: The 'NO_COLOR' env is ignored due to the 'FORCE_COLOR' env being set.
(Use `node --trace-warnings ...` to show where the warning was created)


[1A[2K[31/147] [chromium] › e2e/product-browsing.spec.js:41:2 › Product Browsing and Details › should display full product details on detail page
[1A[2K[32/147] [chromium] › e2e/product-browsing.spec.js:60:2 › Product Browsing and Details › should have add to cart button on product detail page
[1A[2K[33/147] [chromium] › e2e/product-browsing.spec.js:70:2 › Product Browsing and Details › should show related products on detail page
[1A[2K[34/147] [chromium] › e2e/product-browsing.spec.js:79:2 › Product Browsing and Details › should be able to navigate back to shop from product page
[1A[2K  10) [chromium] › e2e/product-browsing.spec.js:41:2 › Product Browsing and Details › should display full product details on detail page 

    Error: expect.toBeVisible: Error: strict mode violation: locator('h1') resolved to 3 elements:
        1) <h1 class="product-title">Red Tongs</h1> aka getByRole('heading', { name: 'Red Tongs' })
        2) <h1 class="product-title">Red Tongs</h1> aka getByText('Red Tongs').nth(2)
        3) <h1>Related Products</h1> aka getByRole('heading', { name: 'Related Products' })

    Call log:
    [2m  - Expect "toBeVisible" with timeout 5000ms[22m
    [2m  - waiting for locator('h1')[22m


      48 | 		// Check for product heading (h1)
      49 | 		const heading = page.locator('h1');
    > 50 | 		await expect(heading).toBeVisible();
         | 		                      ^
      51 | 		
      52 | 		// Check for product description
      53 | 		await expect(page.getByText(/product description/i)).toBeVisible();
        at /Users/jamessun/Developer/GitHub/dummy-ecommerce/e2e/product-browsing.spec.js:50:25

    attachment #1: screenshot (image/png) ──────────────────────────────────────────────────────────
    test-results/product-browsing-Product-B-7f70c-duct-details-on-detail-page-chromium/test-failed-1.png
    ────────────────────────────────────────────────────────────────────────────────────────────────

    Error Context: test-results/product-browsing-Product-B-7f70c-duct-details-on-detail-page-chromium/error-context.md


[1A[2K(node:26614) Warning: The 'NO_COLOR' env is ignored due to the 'FORCE_COLOR' env being set.
(Use `node --trace-warnings ...` to show where the warning was created)


[1A[2K(node:26614) Warning: The 'NO_COLOR' env is ignored due to the 'FORCE_COLOR' env being set.
(Use `node --trace-warnings ...` to show where the warning was created)


[1A[2K[35/147] [chromium] › e2e/product-browsing.spec.js:94:2 › Product Browsing and Details › should display product rating on cards
[1A[2K[36/147] [chromium] › e2e/product-browsing.spec.js:100:2 › Product Browsing and Details › should display discount information
[1A[2K[37/147] [chromium] › e2e/search-and-filters.spec.js:9:2 › Search and Filter Functionality › should have search input field visible
[1A[2K[38/147] [chromium] › e2e/search-and-filters.spec.js:15:2 › Search and Filter Functionality › should filter products by search term
[1A[2K[39/147] [chromium] › e2e/search-and-filters.spec.js:29:2 › Search and Filter Functionality › should clear search and show all products
[1A[2K[40/147] [chromium] › e2e/search-and-filters.spec.js:46:2 › Search and Filter Functionality › should have category filter dropdown
[1A[2K[41/147] [chromium] › e2e/search-and-filters.spec.js:52:2 › Search and Filter Functionality › should have price range filter
[1A[2K[42/147] [chromium] › e2e/search-and-filters.spec.js:61:2 › Search and Filter Functionality › should filter products by price range
[1A[2K[43/147] [chromium] › e2e/search-and-filters.spec.js:75:2 › Search and Filter Functionality › should have order by dropdown
[1A[2K[44/147] [chromium] › e2e/search-and-filters.spec.js:81:2 › Search and Filter Functionality › should have sort order toggle (Descending/Ascending)
[1A[2K[45/147] [chromium] › e2e/search-and-filters.spec.js:87:2 › Search and Filter Functionality › should allow typing in search field
[1A[2K[46/147] [chromium] › e2e/search-and-filters.spec.js:97:2 › Search and Filter Functionality › should allow typing in min price field
[1A[2K  11) [chromium] › e2e/search-and-filters.spec.js:81:2 › Search and Filter Functionality › should have sort order toggle (Descending/Ascending) 

    Error: expect.toBeVisible: Error: strict mode violation: locator('text=/descending|ascending/i') resolved to 3 elements:
        1) <div role="alert" aria-atomic="true" aria-live="polite" class="divider text">Descending</div> aka getByRole('alert').filter({ hasText: 'Descending' })
        2) <span class="text">Ascending</span> aka getByText('Ascending')
        3) <span class="text">Descending</span> aka locator('span').filter({ hasText: 'Descending' })

    Call log:
    [2m  - Expect "toBeVisible" with timeout 5000ms[22m
    [2m  - waiting for locator('text=/descending|ascending/i')[22m


      82 | 		// Look for descending/ascending text
      83 | 		const sortToggle = page.locator('text=/descending|ascending/i');
    > 84 | 		await expect(sortToggle).toBeVisible();
         | 		                         ^
      85 | 	});
      86 |
      87 | 	test('should allow typing in search field', async ({ page }) => {
        at /Users/jamessun/Developer/GitHub/dummy-ecommerce/e2e/search-and-filters.spec.js:84:28

    attachment #1: screenshot (image/png) ──────────────────────────────────────────────────────────
    test-results/search-and-filters-Search--b786b-oggle-Descending-Ascending--chromium/test-failed-1.png
    ────────────────────────────────────────────────────────────────────────────────────────────────

    Error Context: test-results/search-and-filters-Search--b786b-oggle-Descending-Ascending--chromium/error-context.md


[1A[2K(node:26925) Warning: The 'NO_COLOR' env is ignored due to the 'FORCE_COLOR' env being set.
(Use `node --trace-warnings ...` to show where the warning was created)


[1A[2K(node:26925) Warning: The 'NO_COLOR' env is ignored due to the 'FORCE_COLOR' env being set.
(Use `node --trace-warnings ...` to show where the warning was created)


[1A[2K[47/147] [chromium] › e2e/search-and-filters.spec.js:107:2 › Search and Filter Functionality › should allow typing in max price field
[1A[2K[48/147] [chromium] › e2e/search-and-filters.spec.js:117:2 › Search and Filter Functionality › should display filter options section
[1A[2K[49/147] [chromium] › e2e/search-and-filters.spec.js:125:2 › Search and Filter Functionality › should search for specific product type
[1A[2K(node:26997) Warning: The 'NO_COLOR' env is ignored due to the 'FORCE_COLOR' env being set.
(Use `node --trace-warnings ...` to show where the warning was created)


[1A[2K(node:26997) Warning: The 'NO_COLOR' env is ignored due to the 'FORCE_COLOR' env being set.
(Use `node --trace-warnings ...` to show where the warning was created)


[1A[2K[50/147] [firefox] › e2e/cart-operations.spec.js:9:2 › Cart Operations › should add item to cart from product listing
[1A[2K(node:27017) Warning: The 'NO_COLOR' env is ignored due to the 'FORCE_COLOR' env being set.
(Use `node --trace-warnings ...` to show where the warning was created)


[1A[2K(node:27017) Warning: The 'NO_COLOR' env is ignored due to the 'FORCE_COLOR' env being set.
(Use `node --trace-warnings ...` to show where the warning was created)


[1A[2K[51/147] [firefox] › e2e/cart-operations.spec.js:22:2 › Cart Operations › should add item to cart from product detail page
[1A[2K(node:27044) Warning: The 'NO_COLOR' env is ignored due to the 'FORCE_COLOR' env being set.
(Use `node --trace-warnings ...` to show where the warning was created)


[1A[2K(node:27044) Warning: The 'NO_COLOR' env is ignored due to the 'FORCE_COLOR' env being set.
(Use `node --trace-warnings ...` to show where the warning was created)


[1A[2K[52/147] [firefox] › e2e/cart-operations.spec.js:38:2 › Cart Operations › should navigate to cart page
[1A[2K  12) [chromium] › e2e/complete-shopping-flow.spec.js:191:2 › Complete Shopping Flow › should handle rapid navigation without errors 

    [31mTest timeout of 30000ms exceeded.[39m

    Error: locator.click: Test timeout of 30000ms exceeded.
    Call log:
    [2m  - waiting for locator('a[href="/"]').first()[22m
    [2m    - locator resolved to <a href="/" class="sc-dicizt hfTRhB">…</a>[22m
    [2m  - attempting click action[22m
    [2m    2 × waiting for element to be visible, enabled and stable[22m
    [2m      - element is not visible[22m
    [2m    - retrying click action[22m
    [2m    - waiting 20ms[22m
    [2m    2 × waiting for element to be visible, enabled and stable[22m
    [2m      - element is not visible[22m
    [2m    - retrying click action[22m
    [2m      - waiting 100ms[22m
    [2m    57 × waiting for element to be visible, enabled and stable[22m
    [2m       - element is not visible[22m
    [2m     - retrying click action[22m
    [2m       - waiting 500ms[22m


      195 | 		await page.getByRole('link', { name: /shop/i }).first().click();
      196 | 		await page.locator('a[href="/cart"]').click();
    > 197 | 		await page.locator('a[href="/"]').first().click();
          | 		                                          ^
      198 | 		await page.getByRole('link', { name: /shop/i }).first().click();
      199 | 		
      200 | 		// Should end up on shop page
        at /Users/jamessun/Developer/GitHub/dummy-ecommerce/e2e/complete-shopping-flow.spec.js:197:45

    attachment #1: screenshot (image/png) ──────────────────────────────────────────────────────────
    test-results/complete-shopping-flow-Com-3b138-d-navigation-without-errors-chromium/test-failed-1.png
    ────────────────────────────────────────────────────────────────────────────────────────────────

    Error Context: test-results/complete-shopping-flow-Com-3b138-d-navigation-without-errors-chromium/error-context.md


[1A[2K(node:27062) Warning: The 'NO_COLOR' env is ignored due to the 'FORCE_COLOR' env being set.
(Use `node --trace-warnings ...` to show where the warning was created)


[1A[2K(node:27062) Warning: The 'NO_COLOR' env is ignored due to the 'FORCE_COLOR' env being set.
(Use `node --trace-warnings ...` to show where the warning was created)


[1A[2K[53/147] [firefox] › e2e/cart-operations.spec.js:44:2 › Cart Operations › should show empty cart message initially
[1A[2K(node:27143) Warning: The 'NO_COLOR' env is ignored due to the 'FORCE_COLOR' env being set.
(Use `node --trace-warnings ...` to show where the warning was created)


[1A[2K(node:27143) Warning: The 'NO_COLOR' env is ignored due to the 'FORCE_COLOR' env being set.
(Use `node --trace-warnings ...` to show where the warning was created)


[1A[2K[54/147] [firefox] › e2e/cart-operations.spec.js:55:2 › Cart Operations › should show placeholder image in empty cart
[1A[2K[55/147] [firefox] › e2e/cart-operations.spec.js:64:2 › Cart Operations › should have "Go shopping" link that redirects to shop
[1A[2K  13) [chromium] › e2e/homepage-navigation.spec.js:56:2 › Homepage and Navigation › should have working logo link to homepage 

    [31mTest timeout of 30000ms exceeded.[39m

    Error: locator.click: Test timeout of 30000ms exceeded.
    Call log:
    [2m  - waiting for locator('a[href="/"]').first()[22m
    [2m    - locator resolved to <a href="/" class="sc-dicizt hfTRhB">…</a>[22m
    [2m  - attempting click action[22m
    [2m    2 × waiting for element to be visible, enabled and stable[22m
    [2m      - element is not visible[22m
    [2m    - retrying click action[22m
    [2m    - waiting 20ms[22m
    [2m    2 × waiting for element to be visible, enabled and stable[22m
    [2m      - element is not visible[22m
    [2m    - retrying click action[22m
    [2m      - waiting 100ms[22m
    [2m    57 × waiting for element to be visible, enabled and stable[22m
    [2m       - element is not visible[22m
    [2m     - retrying click action[22m
    [2m       - waiting 500ms[22m


      60 | 		
      61 | 		// Click logo to go back to homepage
    > 62 | 		await page.locator('a[href="/"]').first().click();
         | 		                                          ^
      63 | 		await expect(page).toHaveURL(/^.*\/$/);
      64 | 	});
      65 | });
        at /Users/jamessun/Developer/GitHub/dummy-ecommerce/e2e/homepage-navigation.spec.js:62:45

    attachment #1: screenshot (image/png) ──────────────────────────────────────────────────────────
    test-results/homepage-navigation-Homepa-930f8-rking-logo-link-to-homepage-chromium/test-failed-1.png
    ────────────────────────────────────────────────────────────────────────────────────────────────

    Error Context: test-results/homepage-navigation-Homepa-930f8-rking-logo-link-to-homepage-chromium/error-context.md


[1A[2K(node:27196) Warning: The 'NO_COLOR' env is ignored due to the 'FORCE_COLOR' env being set.
(Use `node --trace-warnings ...` to show where the warning was created)


[1A[2K[56/147] [firefox] › e2e/cart-operations.spec.js:88:2 › Cart Operations › should allow adding multiple different products
[1A[2K(node:27196) Warning: The 'NO_COLOR' env is ignored due to the 'FORCE_COLOR' env being set.
(Use `node --trace-warnings ...` to show where the warning was created)


[1A[2K[57/147] [firefox] › e2e/cart-operations.spec.js:74:2 › Cart Operations › should disable add to cart button after adding item
[1A[2K  14) [firefox] › e2e/cart-operations.spec.js:9:2 › Cart Operations › should add item to cart from product listing 

    Error: [2mexpect([22m[31mreceived[39m[2m).[22mtoBeTruthy[2m()[22m

    Received: [31mfalse[39m

      17 | 		// Button should be disabled after adding
      18 | 		const isDisabled = await addButton.isDisabled();
    > 19 | 		expect(isDisabled).toBeTruthy();
         | 		                   ^
      20 | 	});
      21 |
      22 | 	test('should add item to cart from product detail page', async ({ page }) => {
        at /Users/jamessun/Developer/GitHub/dummy-ecommerce/e2e/cart-operations.spec.js:19:22

    attachment #1: screenshot (image/png) ──────────────────────────────────────────────────────────
    test-results/cart-operations-Cart-Opera-966ff-o-cart-from-product-listing-firefox/test-failed-1.png
    ────────────────────────────────────────────────────────────────────────────────────────────────

    Error Context: test-results/cart-operations-Cart-Opera-966ff-o-cart-from-product-listing-firefox/error-context.md


[1A[2K(node:27216) Warning: The 'NO_COLOR' env is ignored due to the 'FORCE_COLOR' env being set.
(Use `node --trace-warnings ...` to show where the warning was created)


[1A[2K[58/147] [firefox] › e2e/cart-operations.spec.js:119:2 › Cart Operations › should display product prices in shop
[1A[2K(node:27216) Warning: The 'NO_COLOR' env is ignored due to the 'FORCE_COLOR' env being set.
(Use `node --trace-warnings ...` to show where the warning was created)


[1A[2K[59/147] [firefox] › e2e/cart-operations.spec.js:104:2 › Cart Operations › should maintain add to cart functionality after page reload
[1A[2K[60/147] [firefox] › e2e/complete-shopping-flow.spec.js:4:2 › Complete Shopping Flow › should complete full shopping journey from homepage to shop
[1A[2K[61/147] [firefox] › e2e/complete-shopping-flow.spec.js:41:2 › Complete Shopping Flow › should use Shop Now button from homepage
[1A[2K[62/147] [firefox] › e2e/complete-shopping-flow.spec.js:56:2 › Complete Shopping Flow › should navigate between pages maintaining functionality
[1A[2K  15) [firefox] › e2e/complete-shopping-flow.spec.js:4:2 › Complete Shopping Flow › should complete full shopping journey from homepage to shop 

    Error: expect.toBeVisible: Error: strict mode violation: locator('h1') resolved to 2 elements:
        1) <h1 class="product-title">Red Tongs</h1> aka getByRole('heading', { name: 'Red Tongs' })
        2) <h1 class="product-title">Red Tongs</h1> aka getByText('Red Tongs').nth(2)

    Call log:
    [2m  - Expect "toBeVisible" with timeout 5000ms[22m
    [2m  - waiting for locator('h1')[22m


      27 | 		
      28 | 		// 7. Verify product details page
    > 29 | 		await expect(page.locator('h1')).toBeVisible();
         | 		                                 ^
      30 | 		await expect(page.getByText(/product description/i)).toBeVisible();
      31 | 		
      32 | 		// 8. Add to cart
        at /Users/jamessun/Developer/GitHub/dummy-ecommerce/e2e/complete-shopping-flow.spec.js:29:36

    attachment #1: screenshot (image/png) ──────────────────────────────────────────────────────────
    test-results/complete-shopping-flow-Com-77b27-urney-from-homepage-to-shop-firefox/test-failed-1.png
    ────────────────────────────────────────────────────────────────────────────────────────────────

    Error Context: test-results/complete-shopping-flow-Com-77b27-urney-from-homepage-to-shop-firefox/error-context.md


[1A[2K(node:27368) Warning: The 'NO_COLOR' env is ignored due to the 'FORCE_COLOR' env being set.
(Use `node --trace-warnings ...` to show where the warning was created)


[1A[2K(node:27368) Warning: The 'NO_COLOR' env is ignored due to the 'FORCE_COLOR' env being set.
(Use `node --trace-warnings ...` to show where the warning was created)


[1A[2K[63/147] [firefox] › e2e/complete-shopping-flow.spec.js:78:2 › Complete Shopping Flow › should search for product and view details
[1A[2K[64/147] [firefox] › e2e/complete-shopping-flow.spec.js:99:2 › Complete Shopping Flow › should filter by price and add item
[1A[2K[65/147] [firefox] › e2e/complete-shopping-flow.spec.js:127:2 › Complete Shopping Flow › should view related products from product detail page
[1A[2K  16) [firefox] › e2e/cart-operations.spec.js:88:2 › Cart Operations › should allow adding multiple different products 

    Error: [2mexpect([22m[31mlocator[39m[2m).[22mtoBeDisabled[2m()[22m failed

    Locator:  getByRole('button', { name: /add to cart/i }).first()
    Expected: disabled
    Received: enabled
    Timeout:  5000ms

    Call log:
    [2m  - Expect "toBeDisabled" with timeout 5000ms[22m
    [2m  - waiting for getByRole('button', { name: /add to cart/i }).first()[22m
    [2m    8 × locator resolved to <button class="ui large button">…</button>[22m
    [2m      - unexpected value "enabled"[22m


       98 | 		
       99 | 		// Both should be disabled
    > 100 | 		await expect(firstButton).toBeDisabled();
          | 		                          ^
      101 | 		await expect(secondButton).toBeDisabled();
      102 | 	});
      103 |
        at /Users/jamessun/Developer/GitHub/dummy-ecommerce/e2e/cart-operations.spec.js:100:29

    attachment #1: screenshot (image/png) ──────────────────────────────────────────────────────────
    test-results/cart-operations-Cart-Opera-138d1-multiple-different-products-firefox/test-failed-1.png
    ────────────────────────────────────────────────────────────────────────────────────────────────

    Error Context: test-results/cart-operations-Cart-Opera-138d1-multiple-different-products-firefox/error-context.md


[1A[2K(node:27479) Warning: The 'NO_COLOR' env is ignored due to the 'FORCE_COLOR' env being set.
(Use `node --trace-warnings ...` to show where the warning was created)


[1A[2K  17) [firefox] › e2e/cart-operations.spec.js:74:2 › Cart Operations › should disable add to cart button after adding item 

    Error: [2mexpect([22m[31mlocator[39m[2m).[22mtoBeDisabled[2m()[22m failed

    Locator:  getByRole('button', { name: /add to cart/i }).first()
    Expected: disabled
    Received: enabled
    Timeout:  5000ms

    Call log:
    [2m  - Expect "toBeDisabled" with timeout 5000ms[22m
    [2m  - waiting for getByRole('button', { name: /add to cart/i }).first()[22m
    [2m    8 × locator resolved to <button class="ui large button">…</button>[22m
    [2m      - unexpected value "enabled"[22m


      83 | 		
      84 | 		// Should be disabled after adding
    > 85 | 		await expect(addButton).toBeDisabled();
         | 		                        ^
      86 | 	});
      87 |
      88 | 	test('should allow adding multiple different products', async ({ page }) => {
        at /Users/jamessun/Developer/GitHub/dummy-ecommerce/e2e/cart-operations.spec.js:85:27

    attachment #1: screenshot (image/png) ──────────────────────────────────────────────────────────
    test-results/cart-operations-Cart-Opera-6a388-rt-button-after-adding-item-firefox/test-failed-1.png
    ────────────────────────────────────────────────────────────────────────────────────────────────

    Error Context: test-results/cart-operations-Cart-Opera-6a388-rt-button-after-adding-item-firefox/error-context.md


[1A[2K(node:27480) Warning: The 'NO_COLOR' env is ignored due to the 'FORCE_COLOR' env being set.
(Use `node --trace-warnings ...` to show where the warning was created)


[1A[2K(node:27479) Warning: The 'NO_COLOR' env is ignored due to the 'FORCE_COLOR' env being set.
(Use `node --trace-warnings ...` to show where the warning was created)


[1A[2K[66/147] [firefox] › e2e/complete-shopping-flow.spec.js:144:2 › Complete Shopping Flow › should display correct page title on all pages
[1A[2K(node:27480) Warning: The 'NO_COLOR' env is ignored due to the 'FORCE_COLOR' env being set.
(Use `node --trace-warnings ...` to show where the warning was created)


[1A[2K[67/147] [firefox] › e2e/complete-shopping-flow.spec.js:158:2 › Complete Shopping Flow › should have consistent header across all pages
[1A[2K[68/147] [firefox] › e2e/complete-shopping-flow.spec.js:176:2 › Complete Shopping Flow › should have consistent footer across all pages
[1A[2K[69/147] [firefox] › e2e/complete-shopping-flow.spec.js:191:2 › Complete Shopping Flow › should handle rapid navigation without errors
[1A[2K  18) [firefox] › e2e/complete-shopping-flow.spec.js:78:2 › Complete Shopping Flow › should search for product and view details 

    Error: expect.toBeVisible: Error: strict mode violation: locator('h1') resolved to 2 elements:
        1) <h1 class="product-title">Red Tongs</h1> aka getByRole('heading', { name: 'Red Tongs' })
        2) <h1 class="product-title">Red Tongs</h1> aka getByText('Red Tongs').nth(2)

    Call log:
    [2m  - Expect "toBeVisible" with timeout 5000ms[22m
    [2m  - waiting for locator('h1')[22m


      94 | 		
      95 | 		// Should show product details
    > 96 | 		await expect(page.locator('h1')).toBeVisible();
         | 		                                 ^
      97 | 	});
      98 |
      99 | 	test('should filter by price and add item', async ({ page }) => {
        at /Users/jamessun/Developer/GitHub/dummy-ecommerce/e2e/complete-shopping-flow.spec.js:96:36

    attachment #1: screenshot (image/png) ──────────────────────────────────────────────────────────
    test-results/complete-shopping-flow-Com-52c6d-or-product-and-view-details-firefox/test-failed-1.png
    ────────────────────────────────────────────────────────────────────────────────────────────────

    Error Context: test-results/complete-shopping-flow-Com-52c6d-or-product-and-view-details-firefox/error-context.md


[1A[2K(node:27578) Warning: The 'NO_COLOR' env is ignored due to the 'FORCE_COLOR' env being set.
(Use `node --trace-warnings ...` to show where the warning was created)


[1A[2K(node:27578) Warning: The 'NO_COLOR' env is ignored due to the 'FORCE_COLOR' env being set.
(Use `node --trace-warnings ...` to show where the warning was created)


[1A[2K[70/147] [firefox] › e2e/homepage-navigation.spec.js:8:2 › Homepage and Navigation › should load homepage successfully
[1A[2K  19) [firefox] › e2e/cart-operations.spec.js:104:2 › Cart Operations › should maintain add to cart functionality after page reload 

    Error: [2mexpect([22m[31mlocator[39m[2m).[22mtoBeDisabled[2m()[22m failed

    Locator:  getByRole('button', { name: /add to cart/i }).first()
    Expected: disabled
    Received: enabled
    Timeout:  5000ms

    Call log:
    [2m  - Expect "toBeDisabled" with timeout 5000ms[22m
    [2m  - waiting for getByRole('button', { name: /add to cart/i }).first()[22m
    [2m    8 × locator resolved to <button class="ui large button">…</button>[22m
    [2m      - unexpected value "enabled"[22m


      114 | 		await page.waitForTimeout(1000);
      115 | 		
    > 116 | 		await expect(addButton).toBeDisabled();
          | 		                        ^
      117 | 	});
      118 |
      119 | 	test('should display product prices in shop', async ({ page }) => {
        at /Users/jamessun/Developer/GitHub/dummy-ecommerce/e2e/cart-operations.spec.js:116:27

    attachment #1: screenshot (image/png) ──────────────────────────────────────────────────────────
    test-results/cart-operations-Cart-Opera-40b70-tionality-after-page-reload-firefox/test-failed-1.png
    ────────────────────────────────────────────────────────────────────────────────────────────────

    Error Context: test-results/cart-operations-Cart-Opera-40b70-tionality-after-page-reload-firefox/error-context.md


[1A[2K(node:27602) Warning: The 'NO_COLOR' env is ignored due to the 'FORCE_COLOR' env being set.
(Use `node --trace-warnings ...` to show where the warning was created)


[1A[2K(node:27602) Warning: The 'NO_COLOR' env is ignored due to the 'FORCE_COLOR' env being set.
(Use `node --trace-warnings ...` to show where the warning was created)


[1A[2K[71/147] [firefox] › e2e/homepage-navigation.spec.js:16:2 › Homepage and Navigation › should display header with logo and navigation
[1A[2K[72/147] [firefox] › e2e/homepage-navigation.spec.js:24:2 › Homepage and Navigation › should navigate to shop page
[1A[2K[73/147] [firefox] › e2e/homepage-navigation.spec.js:34:2 › Homepage and Navigation › should navigate to cart page
[1A[2K[74/147] [firefox] › e2e/homepage-navigation.spec.js:41:2 › Homepage and Navigation › should show empty cart initially
[1A[2K[75/147] [firefox] › e2e/homepage-navigation.spec.js:48:2 › Homepage and Navigation › should display footer
[1A[2K[76/147] [firefox] › e2e/homepage-navigation.spec.js:56:2 › Homepage and Navigation › should have working logo link to homepage
[1A[2K  20) [firefox] › e2e/complete-shopping-flow.spec.js:158:2 › Complete Shopping Flow › should have consistent header across all pages 

    Error: [2mexpect([22m[31mlocator[39m[2m).[22mtoBeVisible[2m()[22m failed

    Locator:  locator('img[alt*="logo"]').first()
    Expected: visible
    Received: hidden
    Timeout:  5000ms

    Call log:
    [2m  - Expect "toBeVisible" with timeout 5000ms[22m
    [2m  - waiting for locator('img[alt*="logo"]').first()[22m
    [2m    9 × locator resolved to <img alt="xsmall logo" class="ui image logo" src="data:image/png;base64,iVBORw0KGgoAAAANSUhEUgAAAFcAAAAUCAYAAAD4BKGuAAAACXBIWXMAAAsTAAALEwEAmpwYAAAAAXNSR0IArs4c6QAAAARnQU1BAACxjwv8YQUAAANlSURBVHgB7VdbUtRAFD3z8McCjSsw/vnnuIPwZ1nEGtyAsAJgBcAKgBUwbEBFRn5tVuC4AuMKHKv8oCxhPDd9m/RkkszwKEAqp6onSfft++7bd4AaNWrUGEOrYi3geM5xoqPGBdEomX/HscORcIT6voUpiBiQOaBTtt4HzCvya3OcAcMjYODW3Lyjk+dr8mraII/B7XXreV5lPKMK/X5zvyGfvMwy3jmbI9IF3Jc4PrLWLqAPOTY5XiJz7geOY6jRZXgIdBmtvQqSBgUuk2ajZXktuAU3rzKfyVzLyg3zTNxeGrPNPRG/hxH3OKM…/>[22m
    [2m      - unexpected value "hidden"[22m


      159 | 		// Check homepage
      160 | 		await page.goto('/');
    > 161 | 		await expect(page.locator('img[alt*="logo"]').first()).toBeVisible();
          | 		                                                       ^
      162 | 		await expect(page.getByRole('link', { name: /shop/i })).toBeVisible();
      163 | 		
      164 | 		// Check shop
        at /Users/jamessun/Developer/GitHub/dummy-ecommerce/e2e/complete-shopping-flow.spec.js:161:58

    attachment #1: screenshot (image/png) ──────────────────────────────────────────────────────────
    test-results/complete-shopping-flow-Com-b7706-ent-header-across-all-pages-firefox/test-failed-1.png
    ────────────────────────────────────────────────────────────────────────────────────────────────

    Error Context: test-results/complete-shopping-flow-Com-b7706-ent-header-across-all-pages-firefox/error-context.md


[1A[2K(node:27709) Warning: The 'NO_COLOR' env is ignored due to the 'FORCE_COLOR' env being set.
(Use `node --trace-warnings ...` to show where the warning was created)


[1A[2K  21) [firefox] › e2e/complete-shopping-flow.spec.js:99:2 › Complete Shopping Flow › should filter by price and add item 

    Error: [2mexpect([22m[31mlocator[39m[2m).[22mtoBeDisabled[2m()[22m failed

    Locator:  getByRole('button', { name: /add to cart/i }).first()
    Expected: disabled
    Received: enabled
    Timeout:  5000ms

    Call log:
    [2m  - Expect "toBeDisabled" with timeout 5000ms[22m
    [2m  - waiting for getByRole('button', { name: /add to cart/i }).first()[22m
    [2m    8 × locator resolved to <button class="ui large button">…</button>[22m
    [2m      - unexpected value "enabled"[22m


      119 | 			// Button should be disabled
      120 | 			const firstButton = page.getByRole('button', { name: /add to cart/i }).first();
    > 121 | 			await expect(firstButton).toBeDisabled();
          | 			                          ^
      122 | 		}
      123 | 		
      124 | 		expect(productCount).toBeGreaterThanOrEqual(0);
        at /Users/jamessun/Developer/GitHub/dummy-ecommerce/e2e/complete-shopping-flow.spec.js:121:30

    attachment #1: screenshot (image/png) ──────────────────────────────────────────────────────────
    test-results/complete-shopping-flow-Com-1a314-ilter-by-price-and-add-item-firefox/test-failed-1.png
    ────────────────────────────────────────────────────────────────────────────────────────────────

    Error Context: test-results/complete-shopping-flow-Com-1a314-ilter-by-price-and-add-item-firefox/error-context.md


[1A[2K(node:27717) Warning: The 'NO_COLOR' env is ignored due to the 'FORCE_COLOR' env being set.
(Use `node --trace-warnings ...` to show where the warning was created)


[1A[2K(node:27709) Warning: The 'NO_COLOR' env is ignored due to the 'FORCE_COLOR' env being set.
(Use `node --trace-warnings ...` to show where the warning was created)


[1A[2K[77/147] [firefox] › e2e/product-browsing.spec.js:10:2 › Product Browsing and Details › should display product list in shop
[1A[2K(node:27717) Warning: The 'NO_COLOR' env is ignored due to the 'FORCE_COLOR' env being set.
(Use `node --trace-warnings ...` to show where the warning was created)


[1A[2K[78/147] [firefox] › e2e/product-browsing.spec.js:19:2 › Product Browsing and Details › should display product information on cards
[1A[2K[79/147] [firefox] › e2e/product-browsing.spec.js:32:2 › Product Browsing and Details › should navigate to product details page
[1A[2K  22) [firefox] › e2e/homepage-navigation.spec.js:16:2 › Homepage and Navigation › should display header with logo and navigation 

    Error: [2mexpect([22m[31mlocator[39m[2m).[22mtoBeVisible[2m()[22m failed

    Locator:  locator('img[alt*="logo"]').first()
    Expected: visible
    Received: hidden
    Timeout:  5000ms

    Call log:
    [2m  - Expect "toBeVisible" with timeout 5000ms[22m
    [2m  - waiting for locator('img[alt*="logo"]').first()[22m
    [2m    9 × locator resolved to <img alt="xsmall logo" class="ui image logo" src="data:image/png;base64,iVBORw0KGgoAAAANSUhEUgAAAFcAAAAUCAYAAAD4BKGuAAAACXBIWXMAAAsTAAALEwEAmpwYAAAAAXNSR0IArs4c6QAAAARnQU1BAACxjwv8YQUAAANlSURBVHgB7VdbUtRAFD3z8McCjSsw/vnnuIPwZ1nEGtyAsAJgBcAKgBUwbEBFRn5tVuC4AuMKHKv8oCxhPDd9m/RkkszwKEAqp6onSfft++7bd4AaNWrUGEOrYi3geM5xoqPGBdEomX/HscORcIT6voUpiBiQOaBTtt4HzCvya3OcAcMjYODW3Lyjk+dr8mraII/B7XXreV5lPKMK/X5zvyGfvMwy3jmbI9IF3Jc4PrLWLqAPOTY5XiJz7geOY6jRZXgIdBmtvQqSBgUuk2ajZXktuAU3rzKfyVzLyg3zTNxeGrPNPRG/hxH3OKM…/>[22m
    [2m      - unexpected value "hidden"[22m


      16 | 	test('should display header with logo and navigation', async ({ page }) => {
      17 | 		// Check logo is visible
    > 18 | 		await expect(page.locator('img[alt*="logo"]').first()).toBeVisible();
         | 		                                                       ^
      19 | 		
      20 | 		// Check navigation menu - Shop link
      21 | 		await expect(page.getByRole('link', { name: /shop/i })).toBeVisible();
        at /Users/jamessun/Developer/GitHub/dummy-ecommerce/e2e/homepage-navigation.spec.js:18:58

    attachment #1: screenshot (image/png) ──────────────────────────────────────────────────────────
    test-results/homepage-navigation-Homepa-121ff-er-with-logo-and-navigation-firefox/test-failed-1.png
    ────────────────────────────────────────────────────────────────────────────────────────────────

    Error Context: test-results/homepage-navigation-Homepa-121ff-er-with-logo-and-navigation-firefox/error-context.md


[1A[2K(node:27806) Warning: The 'NO_COLOR' env is ignored due to the 'FORCE_COLOR' env being set.
(Use `node --trace-warnings ...` to show where the warning was created)


[1A[2K(node:27806) Warning: The 'NO_COLOR' env is ignored due to the 'FORCE_COLOR' env being set.
(Use `node --trace-warnings ...` to show where the warning was created)


[1A[2K[80/147] [firefox] › e2e/product-browsing.spec.js:41:2 › Product Browsing and Details › should display full product details on detail page
[1A[2K[81/147] [firefox] › e2e/product-browsing.spec.js:60:2 › Product Browsing and Details › should have add to cart button on product detail page
[1A[2K[82/147] [firefox] › e2e/product-browsing.spec.js:70:2 › Product Browsing and Details › should show related products on detail page
[1A[2K[83/147] [firefox] › e2e/product-browsing.spec.js:79:2 › Product Browsing and Details › should be able to navigate back to shop from product page
[1A[2K[84/147] [firefox] › e2e/product-browsing.spec.js:94:2 › Product Browsing and Details › should display product rating on cards
[1A[2K[85/147] [firefox] › e2e/product-browsing.spec.js:100:2 › Product Browsing and Details › should display discount information
[1A[2K  23) [firefox] › e2e/product-browsing.spec.js:41:2 › Product Browsing and Details › should display full product details on detail page 

    Error: expect.toBeVisible: Error: strict mode violation: locator('h1') resolved to 2 elements:
        1) <h1 class="product-title">Red Tongs</h1> aka getByRole('heading', { name: 'Red Tongs' })
        2) <h1 class="product-title">Red Tongs</h1> aka getByText('Red Tongs').nth(2)

    Call log:
    [2m  - Expect "toBeVisible" with timeout 5000ms[22m
    [2m  - waiting for locator('h1')[22m


      48 | 		// Check for product heading (h1)
      49 | 		const heading = page.locator('h1');
    > 50 | 		await expect(heading).toBeVisible();
         | 		                      ^
      51 | 		
      52 | 		// Check for product description
      53 | 		await expect(page.getByText(/product description/i)).toBeVisible();
        at /Users/jamessun/Developer/GitHub/dummy-ecommerce/e2e/product-browsing.spec.js:50:25

    attachment #1: screenshot (image/png) ──────────────────────────────────────────────────────────
    test-results/product-browsing-Product-B-7f70c-duct-details-on-detail-page-firefox/test-failed-1.png
    ────────────────────────────────────────────────────────────────────────────────────────────────

    Error Context: test-results/product-browsing-Product-B-7f70c-duct-details-on-detail-page-firefox/error-context.md


[1A[2K(node:27934) Warning: The 'NO_COLOR' env is ignored due to the 'FORCE_COLOR' env being set.
(Use `node --trace-warnings ...` to show where the warning was created)


[1A[2K(node:27934) Warning: The 'NO_COLOR' env is ignored due to the 'FORCE_COLOR' env being set.
(Use `node --trace-warnings ...` to show where the warning was created)


[1A[2K[86/147] [firefox] › e2e/search-and-filters.spec.js:9:2 › Search and Filter Functionality › should have search input field visible
[1A[2K[87/147] [firefox] › e2e/search-and-filters.spec.js:15:2 › Search and Filter Functionality › should filter products by search term
[1A[2K[88/147] [firefox] › e2e/search-and-filters.spec.js:29:2 › Search and Filter Functionality › should clear search and show all products
[1A[2K[89/147] [firefox] › e2e/search-and-filters.spec.js:46:2 › Search and Filter Functionality › should have category filter dropdown
[1A[2K[90/147] [firefox] › e2e/search-and-filters.spec.js:52:2 › Search and Filter Functionality › should have price range filter
[1A[2K[91/147] [firefox] › e2e/search-and-filters.spec.js:61:2 › Search and Filter Functionality › should filter products by price range
[1A[2K[92/147] [firefox] › e2e/search-and-filters.spec.js:75:2 › Search and Filter Functionality › should have order by dropdown
[1A[2K[93/147] [firefox] › e2e/search-and-filters.spec.js:81:2 › Search and Filter Functionality › should have sort order toggle (Descending/Ascending)
[1A[2K[94/147] [firefox] › e2e/search-and-filters.spec.js:87:2 › Search and Filter Functionality › should allow typing in search field
[1A[2K[95/147] [firefox] › e2e/search-and-filters.spec.js:97:2 › Search and Filter Functionality › should allow typing in min price field
[1A[2K[96/147] [firefox] › e2e/search-and-filters.spec.js:107:2 › Search and Filter Functionality › should allow typing in max price field
[1A[2K  24) [firefox] › e2e/search-and-filters.spec.js:81:2 › Search and Filter Functionality › should have sort order toggle (Descending/Ascending) 

    Error: expect.toBeVisible: Error: strict mode violation: locator('text=/descending|ascending/i') resolved to 3 elements:
        1) <div role="alert" aria-atomic="true" aria-live="polite" class="divider text">Descending</div> aka getByRole('alert').filter({ hasText: 'Descending' })
        2) <span class="text">Ascending</span> aka getByText('Ascending')
        3) <span class="text">Descending</span> aka locator('span').filter({ hasText: 'Descending' })

    Call log:
    [2m  - Expect "toBeVisible" with timeout 5000ms[22m
    [2m  - waiting for locator('text=/descending|ascending/i')[22m


      82 | 		// Look for descending/ascending text
      83 | 		const sortToggle = page.locator('text=/descending|ascending/i');
    > 84 | 		await expect(sortToggle).toBeVisible();
         | 		                         ^
      85 | 	});
      86 |
      87 | 	test('should allow typing in search field', async ({ page }) => {
        at /Users/jamessun/Developer/GitHub/dummy-ecommerce/e2e/search-and-filters.spec.js:84:28

    attachment #1: screenshot (image/png) ──────────────────────────────────────────────────────────
    test-results/search-and-filters-Search--b786b-oggle-Descending-Ascending--firefox/test-failed-1.png
    ────────────────────────────────────────────────────────────────────────────────────────────────

    Error Context: test-results/search-and-filters-Search--b786b-oggle-Descending-Ascending--firefox/error-context.md


[1A[2K(node:28254) Warning: The 'NO_COLOR' env is ignored due to the 'FORCE_COLOR' env being set.
(Use `node --trace-warnings ...` to show where the warning was created)


[1A[2K(node:28254) Warning: The 'NO_COLOR' env is ignored due to the 'FORCE_COLOR' env being set.
(Use `node --trace-warnings ...` to show where the warning was created)


[1A[2K[97/147] [firefox] › e2e/search-and-filters.spec.js:117:2 › Search and Filter Functionality › should display filter options section
[1A[2K[98/147] [firefox] › e2e/search-and-filters.spec.js:125:2 › Search and Filter Functionality › should search for specific product type
[1A[2K(node:28308) Warning: The 'NO_COLOR' env is ignored due to the 'FORCE_COLOR' env being set.
(Use `node --trace-warnings ...` to show where the warning was created)


[1A[2K  25) [firefox] › e2e/complete-shopping-flow.spec.js:191:2 › Complete Shopping Flow › should handle rapid navigation without errors 

    [31mTest timeout of 30000ms exceeded.[39m

    Error: locator.click: Test timeout of 30000ms exceeded.
    Call log:
    [2m  - waiting for locator('a[href="/"]').first()[22m
    [2m    - locator resolved to <a href="/" class="sc-dicizt hfTRhB">…</a>[22m
    [2m  - attempting click action[22m
    [2m    2 × waiting for element to be visible, enabled and stable[22m
    [2m      - element is not visible[22m
    [2m    - retrying click action[22m
    [2m    - waiting 20ms[22m
    [2m    2 × waiting for element to be visible, enabled and stable[22m
    [2m      - element is not visible[22m
    [2m    - retrying click action[22m
    [2m      - waiting 100ms[22m
    [2m    57 × waiting for element to be visible, enabled and stable[22m
    [2m       - element is not visible[22m
    [2m     - retrying click action[22m
    [2m       - waiting 500ms[22m


      195 | 		await page.getByRole('link', { name: /shop/i }).first().click();
      196 | 		await page.locator('a[href="/cart"]').click();
    > 197 | 		await page.locator('a[href="/"]').first().click();
          | 		                                          ^
      198 | 		await page.getByRole('link', { name: /shop/i }).first().click();
      199 | 		
      200 | 		// Should end up on shop page
        at /Users/jamessun/Developer/GitHub/dummy-ecommerce/e2e/complete-shopping-flow.spec.js:197:45

    attachment #1: screenshot (image/png) ──────────────────────────────────────────────────────────
    test-results/complete-shopping-flow-Com-3b138-d-navigation-without-errors-firefox/test-failed-1.png
    ────────────────────────────────────────────────────────────────────────────────────────────────

    Error Context: test-results/complete-shopping-flow-Com-3b138-d-navigation-without-errors-firefox/error-context.md


[1A[2K(node:28326) Warning: The 'NO_COLOR' env is ignored due to the 'FORCE_COLOR' env being set.
(Use `node --trace-warnings ...` to show where the warning was created)


[1A[2K(node:28308) Warning: The 'NO_COLOR' env is ignored due to the 'FORCE_COLOR' env being set.
(Use `node --trace-warnings ...` to show where the warning was created)


[1A[2K[99/147] [webkit] › e2e/cart-operations.spec.js:9:2 › Cart Operations › should add item to cart from product listing
[1A[2K(node:28326) Warning: The 'NO_COLOR' env is ignored due to the 'FORCE_COLOR' env being set.
(Use `node --trace-warnings ...` to show where the warning was created)


[1A[2K[100/147] [webkit] › e2e/cart-operations.spec.js:22:2 › Cart Operations › should add item to cart from product detail page
[1A[2K(node:28358) Warning: The 'NO_COLOR' env is ignored due to the 'FORCE_COLOR' env being set.
(Use `node --trace-warnings ...` to show where the warning was created)


[1A[2K(node:28358) Warning: The 'NO_COLOR' env is ignored due to the 'FORCE_COLOR' env being set.
(Use `node --trace-warnings ...` to show where the warning was created)


[1A[2K[101/147] [webkit] › e2e/cart-operations.spec.js:38:2 › Cart Operations › should navigate to cart page
[1A[2K(node:28417) Warning: The 'NO_COLOR' env is ignored due to the 'FORCE_COLOR' env being set.
(Use `node --trace-warnings ...` to show where the warning was created)


[1A[2K(node:28417) Warning: The 'NO_COLOR' env is ignored due to the 'FORCE_COLOR' env being set.
(Use `node --trace-warnings ...` to show where the warning was created)


[1A[2K[102/147] [webkit] › e2e/cart-operations.spec.js:44:2 › Cart Operations › should show empty cart message initially
[1A[2K(node:28455) Warning: The 'NO_COLOR' env is ignored due to the 'FORCE_COLOR' env being set.
(Use `node --trace-warnings ...` to show where the warning was created)


[1A[2K(node:28455) Warning: The 'NO_COLOR' env is ignored due to the 'FORCE_COLOR' env being set.
(Use `node --trace-warnings ...` to show where the warning was created)


[1A[2K[103/147] [webkit] › e2e/cart-operations.spec.js:55:2 › Cart Operations › should show placeholder image in empty cart
[1A[2K  26) [firefox] › e2e/homepage-navigation.spec.js:56:2 › Homepage and Navigation › should have working logo link to homepage 

    [31mTest timeout of 30000ms exceeded.[39m

    Error: locator.click: Test timeout of 30000ms exceeded.
    Call log:
    [2m  - waiting for locator('a[href="/"]').first()[22m
    [2m    - locator resolved to <a href="/" class="sc-dicizt hfTRhB">…</a>[22m
    [2m  - attempting click action[22m
    [2m    2 × waiting for element to be visible, enabled and stable[22m
    [2m      - element is not visible[22m
    [2m    - retrying click action[22m
    [2m    - waiting 20ms[22m
    [2m    2 × waiting for element to be visible, enabled and stable[22m
    [2m      - element is not visible[22m
    [2m    - retrying click action[22m
    [2m      - waiting 100ms[22m
    [2m    58 × waiting for element to be visible, enabled and stable[22m
    [2m       - element is not visible[22m
    [2m     - retrying click action[22m
    [2m       - waiting 500ms[22m


      60 | 		
      61 | 		// Click logo to go back to homepage
    > 62 | 		await page.locator('a[href="/"]').first().click();
         | 		                                          ^
      63 | 		await expect(page).toHaveURL(/^.*\/$/);
      64 | 	});
      65 | });
        at /Users/jamessun/Developer/GitHub/dummy-ecommerce/e2e/homepage-navigation.spec.js:62:45

    attachment #1: screenshot (image/png) ──────────────────────────────────────────────────────────
    test-results/homepage-navigation-Homepa-930f8-rking-logo-link-to-homepage-firefox/test-failed-1.png
    ────────────────────────────────────────────────────────────────────────────────────────────────

    Error Context: test-results/homepage-navigation-Homepa-930f8-rking-logo-link-to-homepage-firefox/error-context.md


[1A[2K(node:28485) Warning: The 'NO_COLOR' env is ignored due to the 'FORCE_COLOR' env being set.
(Use `node --trace-warnings ...` to show where the warning was created)


[1A[2K(node:28485) Warning: The 'NO_COLOR' env is ignored due to the 'FORCE_COLOR' env being set.
(Use `node --trace-warnings ...` to show where the warning was created)


[1A[2K[104/147] [webkit] › e2e/cart-operations.spec.js:64:2 › Cart Operations › should have "Go shopping" link that redirects to shop
[1A[2K[105/147] [webkit] › e2e/cart-operations.spec.js:74:2 › Cart Operations › should disable add to cart button after adding item
[1A[2K[106/147] [webkit] › e2e/cart-operations.spec.js:88:2 › Cart Operations › should allow adding multiple different products
[1A[2K  27) [webkit] › e2e/cart-operations.spec.js:9:2 › Cart Operations › should add item to cart from product listing 

    Error: [2mexpect([22m[31mreceived[39m[2m).[22mtoBeTruthy[2m()[22m

    Received: [31mfalse[39m

      17 | 		// Button should be disabled after adding
      18 | 		const isDisabled = await addButton.isDisabled();
    > 19 | 		expect(isDisabled).toBeTruthy();
         | 		                   ^
      20 | 	});
      21 |
      22 | 	test('should add item to cart from product detail page', async ({ page }) => {
        at /Users/jamessun/Developer/GitHub/dummy-ecommerce/e2e/cart-operations.spec.js:19:22

    attachment #1: screenshot (image/png) ──────────────────────────────────────────────────────────
    test-results/cart-operations-Cart-Opera-966ff-o-cart-from-product-listing-webkit/test-failed-1.png
    ────────────────────────────────────────────────────────────────────────────────────────────────

    Error Context: test-results/cart-operations-Cart-Opera-966ff-o-cart-from-product-listing-webkit/error-context.md


[1A[2K(node:28561) Warning: The 'NO_COLOR' env is ignored due to the 'FORCE_COLOR' env being set.
(Use `node --trace-warnings ...` to show where the warning was created)


[1A[2K[107/147] [webkit] › e2e/cart-operations.spec.js:119:2 › Cart Operations › should display product prices in shop
[1A[2K(node:28561) Warning: The 'NO_COLOR' env is ignored due to the 'FORCE_COLOR' env being set.
(Use `node --trace-warnings ...` to show where the warning was created)


[1A[2K[108/147] [webkit] › e2e/cart-operations.spec.js:104:2 › Cart Operations › should maintain add to cart functionality after page reload
[1A[2K[109/147] [webkit] › e2e/complete-shopping-flow.spec.js:4:2 › Complete Shopping Flow › should complete full shopping journey from homepage to shop
[1A[2K[110/147] [webkit] › e2e/complete-shopping-flow.spec.js:41:2 › Complete Shopping Flow › should use Shop Now button from homepage
[1A[2K[111/147] [webkit] › e2e/complete-shopping-flow.spec.js:56:2 › Complete Shopping Flow › should navigate between pages maintaining functionality
[1A[2K  28) [webkit] › e2e/complete-shopping-flow.spec.js:4:2 › Complete Shopping Flow › should complete full shopping journey from homepage to shop 

    Error: expect.toBeVisible: Error: strict mode violation: locator('h1') resolved to 2 elements:
        1) <h1 class="product-title">Red Tongs</h1> aka getByRole('heading', { name: 'Red Tongs' })
        2) <h1 class="product-title">Red Tongs</h1> aka getByText('Red Tongs').nth(2)

    Call log:
    [2m  - Expect "toBeVisible" with timeout 5000ms[22m
    [2m  - waiting for locator('h1')[22m


      27 | 		
      28 | 		// 7. Verify product details page
    > 29 | 		await expect(page.locator('h1')).toBeVisible();
         | 		                                 ^
      30 | 		await expect(page.getByText(/product description/i)).toBeVisible();
      31 | 		
      32 | 		// 8. Add to cart
        at /Users/jamessun/Developer/GitHub/dummy-ecommerce/e2e/complete-shopping-flow.spec.js:29:36

    attachment #1: screenshot (image/png) ──────────────────────────────────────────────────────────
    test-results/complete-shopping-flow-Com-77b27-urney-from-homepage-to-shop-webkit/test-failed-1.png
    ────────────────────────────────────────────────────────────────────────────────────────────────

    Error Context: test-results/complete-shopping-flow-Com-77b27-urney-from-homepage-to-shop-webkit/error-context.md


[1A[2K(node:28683) Warning: The 'NO_COLOR' env is ignored due to the 'FORCE_COLOR' env being set.
(Use `node --trace-warnings ...` to show where the warning was created)


[1A[2K(node:28683) Warning: The 'NO_COLOR' env is ignored due to the 'FORCE_COLOR' env being set.
(Use `node --trace-warnings ...` to show where the warning was created)


[1A[2K[112/147] [webkit] › e2e/complete-shopping-flow.spec.js:78:2 › Complete Shopping Flow › should search for product and view details
[1A[2K[113/147] [webkit] › e2e/complete-shopping-flow.spec.js:99:2 › Complete Shopping Flow › should filter by price and add item
[1A[2K  29) [webkit] › e2e/cart-operations.spec.js:74:2 › Cart Operations › should disable add to cart button after adding item 

    Error: [2mexpect([22m[31mlocator[39m[2m).[22mtoBeDisabled[2m()[22m failed

    Locator:  getByRole('button', { name: /add to cart/i }).first()
    Expected: disabled
    Received: enabled
    Timeout:  5000ms

    Call log:
    [2m  - Expect "toBeDisabled" with timeout 5000ms[22m
    [2m  - waiting for getByRole('button', { name: /add to cart/i }).first()[22m
    [2m    9 × locator resolved to <button class="ui large button">…</button>[22m
    [2m      - unexpected value "enabled"[22m


      83 | 		
      84 | 		// Should be disabled after adding
    > 85 | 		await expect(addButton).toBeDisabled();
         | 		                        ^
      86 | 	});
      87 |
      88 | 	test('should allow adding multiple different products', async ({ page }) => {
        at /Users/jamessun/Developer/GitHub/dummy-ecommerce/e2e/cart-operations.spec.js:85:27

    attachment #1: screenshot (image/png) ──────────────────────────────────────────────────────────
    test-results/cart-operations-Cart-Opera-6a388-rt-button-after-adding-item-webkit/test-failed-1.png
    ────────────────────────────────────────────────────────────────────────────────────────────────

    Error Context: test-results/cart-operations-Cart-Opera-6a388-rt-button-after-adding-item-webkit/error-context.md


[1A[2K(node:28774) Warning: The 'NO_COLOR' env is ignored due to the 'FORCE_COLOR' env being set.
(Use `node --trace-warnings ...` to show where the warning was created)


[1A[2K(node:28774) Warning: The 'NO_COLOR' env is ignored due to the 'FORCE_COLOR' env being set.
(Use `node --trace-warnings ...` to show where the warning was created)


[1A[2K[114/147] [webkit] › e2e/complete-shopping-flow.spec.js:127:2 › Complete Shopping Flow › should view related products from product detail page
[1A[2K[115/147] [webkit] › e2e/complete-shopping-flow.spec.js:144:2 › Complete Shopping Flow › should display correct page title on all pages
[1A[2K[116/147] [webkit] › e2e/complete-shopping-flow.spec.js:158:2 › Complete Shopping Flow › should have consistent header across all pages
[1A[2K  30) [webkit] › e2e/cart-operations.spec.js:88:2 › Cart Operations › should allow adding multiple different products 

    Error: [2mexpect([22m[31mlocator[39m[2m).[22mtoBeDisabled[2m()[22m failed

    Locator:  getByRole('button', { name: /add to cart/i }).first()
    Expected: disabled
    Received: enabled
    Timeout:  5000ms

    Call log:
    [2m  - Expect "toBeDisabled" with timeout 5000ms[22m
    [2m  - waiting for getByRole('button', { name: /add to cart/i }).first()[22m
    [2m    9 × locator resolved to <button class="ui large button">…</button>[22m
    [2m      - unexpected value "enabled"[22m


       98 | 		
       99 | 		// Both should be disabled
    > 100 | 		await expect(firstButton).toBeDisabled();
          | 		                          ^
      101 | 		await expect(secondButton).toBeDisabled();
      102 | 	});
      103 |
        at /Users/jamessun/Developer/GitHub/dummy-ecommerce/e2e/cart-operations.spec.js:100:29

    attachment #1: screenshot (image/png) ──────────────────────────────────────────────────────────
    test-results/cart-operations-Cart-Opera-138d1-multiple-different-products-webkit/test-failed-1.png
    ────────────────────────────────────────────────────────────────────────────────────────────────

    Error Context: test-results/cart-operations-Cart-Opera-138d1-multiple-different-products-webkit/error-context.md


[1A[2K(node:28840) Warning: The 'NO_COLOR' env is ignored due to the 'FORCE_COLOR' env being set.
(Use `node --trace-warnings ...` to show where the warning was created)


[1A[2K(node:28840) Warning: The 'NO_COLOR' env is ignored due to the 'FORCE_COLOR' env being set.
(Use `node --trace-warnings ...` to show where the warning was created)


[1A[2K[117/147] [webkit] › e2e/complete-shopping-flow.spec.js:176:2 › Complete Shopping Flow › should have consistent footer across all pages
[1A[2K  31) [webkit] › e2e/complete-shopping-flow.spec.js:78:2 › Complete Shopping Flow › should search for product and view details 

    Error: expect.toBeVisible: Error: strict mode violation: locator('h1') resolved to 2 elements:
        1) <h1 class="product-title">Red Tongs</h1> aka getByRole('heading', { name: 'Red Tongs' })
        2) <h1 class="product-title">Red Tongs</h1> aka getByText('Red Tongs').nth(2)

    Call log:
    [2m  - Expect "toBeVisible" with timeout 5000ms[22m
    [2m  - waiting for locator('h1')[22m


      94 | 		
      95 | 		// Should show product details
    > 96 | 		await expect(page.locator('h1')).toBeVisible();
         | 		                                 ^
      97 | 	});
      98 |
      99 | 	test('should filter by price and add item', async ({ page }) => {
        at /Users/jamessun/Developer/GitHub/dummy-ecommerce/e2e/complete-shopping-flow.spec.js:96:36

    attachment #1: screenshot (image/png) ──────────────────────────────────────────────────────────
    test-results/complete-shopping-flow-Com-52c6d-or-product-and-view-details-webkit/test-failed-1.png
    ────────────────────────────────────────────────────────────────────────────────────────────────

    Error Context: test-results/complete-shopping-flow-Com-52c6d-or-product-and-view-details-webkit/error-context.md


[1A[2K(node:28861) Warning: The 'NO_COLOR' env is ignored due to the 'FORCE_COLOR' env being set.
(Use `node --trace-warnings ...` to show where the warning was created)


[1A[2K(node:28861) Warning: The 'NO_COLOR' env is ignored due to the 'FORCE_COLOR' env being set.
(Use `node --trace-warnings ...` to show where the warning was created)


[1A[2K[118/147] [webkit] › e2e/complete-shopping-flow.spec.js:191:2 › Complete Shopping Flow › should handle rapid navigation without errors
[1A[2K[119/147] [webkit] › e2e/homepage-navigation.spec.js:8:2 › Homepage and Navigation › should load homepage successfully
[1A[2K  32) [webkit] › e2e/cart-operations.spec.js:104:2 › Cart Operations › should maintain add to cart functionality after page reload 

    Error: [2mexpect([22m[31mlocator[39m[2m).[22mtoBeDisabled[2m()[22m failed

    Locator:  getByRole('button', { name: /add to cart/i }).first()
    Expected: disabled
    Received: enabled
    Timeout:  5000ms

    Call log:
    [2m  - Expect "toBeDisabled" with timeout 5000ms[22m
    [2m  - waiting for getByRole('button', { name: /add to cart/i }).first()[22m
    [2m    9 × locator resolved to <button class="ui large button">…</button>[22m
    [2m      - unexpected value "enabled"[22m


      114 | 		await page.waitForTimeout(1000);
      115 | 		
    > 116 | 		await expect(addButton).toBeDisabled();
          | 		                        ^
      117 | 	});
      118 |
      119 | 	test('should display product prices in shop', async ({ page }) => {
        at /Users/jamessun/Developer/GitHub/dummy-ecommerce/e2e/cart-operations.spec.js:116:27

    attachment #1: screenshot (image/png) ──────────────────────────────────────────────────────────
    test-results/cart-operations-Cart-Opera-40b70-tionality-after-page-reload-webkit/test-failed-1.png
    ────────────────────────────────────────────────────────────────────────────────────────────────

    Error Context: test-results/cart-operations-Cart-Opera-40b70-tionality-after-page-reload-webkit/error-context.md


[1A[2K(node:28908) Warning: The 'NO_COLOR' env is ignored due to the 'FORCE_COLOR' env being set.
(Use `node --trace-warnings ...` to show where the warning was created)


[1A[2K(node:28908) Warning: The 'NO_COLOR' env is ignored due to the 'FORCE_COLOR' env being set.
(Use `node --trace-warnings ...` to show where the warning was created)


[1A[2K[120/147] [webkit] › e2e/homepage-navigation.spec.js:16:2 › Homepage and Navigation › should display header with logo and navigation
[1A[2K[121/147] [webkit] › e2e/homepage-navigation.spec.js:24:2 › Homepage and Navigation › should navigate to shop page
[1A[2K[122/147] [webkit] › e2e/homepage-navigation.spec.js:34:2 › Homepage and Navigation › should navigate to cart page
[1A[2K[123/147] [webkit] › e2e/homepage-navigation.spec.js:41:2 › Homepage and Navigation › should show empty cart initially
[1A[2K[124/147] [webkit] › e2e/homepage-navigation.spec.js:48:2 › Homepage and Navigation › should display footer
[1A[2K  33) [webkit] › e2e/complete-shopping-flow.spec.js:158:2 › Complete Shopping Flow › should have consistent header across all pages 

    Error: [2mexpect([22m[31mlocator[39m[2m).[22mtoBeVisible[2m()[22m failed

    Locator:  locator('img[alt*="logo"]').first()
    Expected: visible
    Received: hidden
    Timeout:  5000ms

    Call log:
    [2m  - Expect "toBeVisible" with timeout 5000ms[22m
    [2m  - waiting for locator('img[alt*="logo"]').first()[22m
    [2m    9 × locator resolved to <img alt="xsmall logo" class="ui image logo" src="data:image/png;base64,iVBORw0KGgoAAAANSUhEUgAAAFcAAAAUCAYAAAD4BKGuAAAACXBIWXMAAAsTAAALEwEAmpwYAAAAAXNSR0IArs4c6QAAAARnQU1BAACxjwv8YQUAAANlSURBVHgB7VdbUtRAFD3z8McCjSsw/vnnuIPwZ1nEGtyAsAJgBcAKgBUwbEBFRn5tVuC4AuMKHKv8oCxhPDd9m/RkkszwKEAqp6onSfft++7bd4AaNWrUGEOrYi3geM5xoqPGBdEomX/HscORcIT6voUpiBiQOaBTtt4HzCvya3OcAcMjYODW3Lyjk+dr8mraII/B7XXreV5lPKMK/X5zvyGfvMwy3jmbI9IF3Jc4PrLWLqAPOTY5XiJz7geOY6jRZXgIdBmtvQqSBgUuk2ajZXktuAU3rzKfyVzLyg3zTNxeGrPNPRG/hxH3OKM…/>[22m
    [2m      - unexpected value "hidden"[22m


      159 | 		// Check homepage
      160 | 		await page.goto('/');
    > 161 | 		await expect(page.locator('img[alt*="logo"]').first()).toBeVisible();
          | 		                                                       ^
      162 | 		await expect(page.getByRole('link', { name: /shop/i })).toBeVisible();
      163 | 		
      164 | 		// Check shop
        at /Users/jamessun/Developer/GitHub/dummy-ecommerce/e2e/complete-shopping-flow.spec.js:161:58

    attachment #1: screenshot (image/png) ──────────────────────────────────────────────────────────
    test-results/complete-shopping-flow-Com-b7706-ent-header-across-all-pages-webkit/test-failed-1.png
    ────────────────────────────────────────────────────────────────────────────────────────────────

    Error Context: test-results/complete-shopping-flow-Com-b7706-ent-header-across-all-pages-webkit/error-context.md


[1A[2K(node:28988) Warning: The 'NO_COLOR' env is ignored due to the 'FORCE_COLOR' env being set.
(Use `node --trace-warnings ...` to show where the warning was created)


[1A[2K[125/147] [webkit] › e2e/product-browsing.spec.js:10:2 › Product Browsing and Details › should display product list in shop
[1A[2K(node:28988) Warning: The 'NO_COLOR' env is ignored due to the 'FORCE_COLOR' env being set.
(Use `node --trace-warnings ...` to show where the warning was created)


[1A[2K[126/147] [webkit] › e2e/homepage-navigation.spec.js:56:2 › Homepage and Navigation › should have working logo link to homepage
[1A[2K  34) [webkit] › e2e/complete-shopping-flow.spec.js:99:2 › Complete Shopping Flow › should filter by price and add item 

    Error: [2mexpect([22m[31mlocator[39m[2m).[22mtoBeDisabled[2m()[22m failed

    Locator:  getByRole('button', { name: /add to cart/i }).first()
    Expected: disabled
    Received: enabled
    Timeout:  5000ms

    Call log:
    [2m  - Expect "toBeDisabled" with timeout 5000ms[22m
    [2m  - waiting for getByRole('button', { name: /add to cart/i }).first()[22m
    [2m    9 × locator resolved to <button class="ui large button">…</button>[22m
    [2m      - unexpected value "enabled"[22m


      119 | 			// Button should be disabled
      120 | 			const firstButton = page.getByRole('button', { name: /add to cart/i }).first();
    > 121 | 			await expect(firstButton).toBeDisabled();
          | 			                          ^
      122 | 		}
      123 | 		
      124 | 		expect(productCount).toBeGreaterThanOrEqual(0);
        at /Users/jamessun/Developer/GitHub/dummy-ecommerce/e2e/complete-shopping-flow.spec.js:121:30

    attachment #1: screenshot (image/png) ──────────────────────────────────────────────────────────
    test-results/complete-shopping-flow-Com-1a314-ilter-by-price-and-add-item-webkit/test-failed-1.png
    ────────────────────────────────────────────────────────────────────────────────────────────────

    Error Context: test-results/complete-shopping-flow-Com-1a314-ilter-by-price-and-add-item-webkit/error-context.md


[1A[2K(node:29042) Warning: The 'NO_COLOR' env is ignored due to the 'FORCE_COLOR' env being set.
(Use `node --trace-warnings ...` to show where the warning was created)


[1A[2K[127/147] [webkit] › e2e/product-browsing.spec.js:32:2 › Product Browsing and Details › should navigate to product details page
[1A[2K(node:29042) Warning: The 'NO_COLOR' env is ignored due to the 'FORCE_COLOR' env being set.
(Use `node --trace-warnings ...` to show where the warning was created)


[1A[2K[128/147] [webkit] › e2e/product-browsing.spec.js:19:2 › Product Browsing and Details › should display product information on cards
[1A[2K  35) [webkit] › e2e/homepage-navigation.spec.js:16:2 › Homepage and Navigation › should display header with logo and navigation 

    Error: [2mexpect([22m[31mlocator[39m[2m).[22mtoBeVisible[2m()[22m failed

    Locator:  locator('img[alt*="logo"]').first()
    Expected: visible
    Received: hidden
    Timeout:  5000ms

    Call log:
    [2m  - Expect "toBeVisible" with timeout 5000ms[22m
    [2m  - waiting for locator('img[alt*="logo"]').first()[22m
    [2m    9 × locator resolved to <img alt="xsmall logo" class="ui image logo" src="data:image/png;base64,iVBORw0KGgoAAAANSUhEUgAAAFcAAAAUCAYAAAD4BKGuAAAACXBIWXMAAAsTAAALEwEAmpwYAAAAAXNSR0IArs4c6QAAAARnQU1BAACxjwv8YQUAAANlSURBVHgB7VdbUtRAFD3z8McCjSsw/vnnuIPwZ1nEGtyAsAJgBcAKgBUwbEBFRn5tVuC4AuMKHKv8oCxhPDd9m/RkkszwKEAqp6onSfft++7bd4AaNWrUGEOrYi3geM5xoqPGBdEomX/HscORcIT6voUpiBiQOaBTtt4HzCvya3OcAcMjYODW3Lyjk+dr8mraII/B7XXreV5lPKMK/X5zvyGfvMwy3jmbI9IF3Jc4PrLWLqAPOTY5XiJz7geOY6jRZXgIdBmtvQqSBgUuk2ajZXktuAU3rzKfyVzLyg3zTNxeGrPNPRG/hxH3OKM…/>[22m
    [2m      - unexpected value "hidden"[22m


      16 | 	test('should display header with logo and navigation', async ({ page }) => {
      17 | 		// Check logo is visible
    > 18 | 		await expect(page.locator('img[alt*="logo"]').first()).toBeVisible();
         | 		                                                       ^
      19 | 		
      20 | 		// Check navigation menu - Shop link
      21 | 		await expect(page.getByRole('link', { name: /shop/i })).toBeVisible();
        at /Users/jamessun/Developer/GitHub/dummy-ecommerce/e2e/homepage-navigation.spec.js:18:58

    attachment #1: screenshot (image/png) ──────────────────────────────────────────────────────────
    test-results/homepage-navigation-Homepa-121ff-er-with-logo-and-navigation-webkit/test-failed-1.png
    ────────────────────────────────────────────────────────────────────────────────────────────────

    Error Context: test-results/homepage-navigation-Homepa-121ff-er-with-logo-and-navigation-webkit/error-context.md


[1A[2K[129/147] [webkit] › e2e/product-browsing.spec.js:60:2 › Product Browsing and Details › should have add to cart button on product detail page
[1A[2K(node:29103) Warning: The 'NO_COLOR' env is ignored due to the 'FORCE_COLOR' env being set.
(Use `node --trace-warnings ...` to show where the warning was created)


[1A[2K(node:29103) Warning: The 'NO_COLOR' env is ignored due to the 'FORCE_COLOR' env being set.
(Use `node --trace-warnings ...` to show where the warning was created)


[1A[2K[130/147] [webkit] › e2e/product-browsing.spec.js:41:2 › Product Browsing and Details › should display full product details on detail page
[1A[2K[131/147] [webkit] › e2e/product-browsing.spec.js:70:2 › Product Browsing and Details › should show related products on detail page
[1A[2K[132/147] [webkit] › e2e/product-browsing.spec.js:79:2 › Product Browsing and Details › should be able to navigate back to shop from product page
[1A[2K[133/147] [webkit] › e2e/product-browsing.spec.js:94:2 › Product Browsing and Details › should display product rating on cards
[1A[2K  36) [webkit] › e2e/product-browsing.spec.js:41:2 › Product Browsing and Details › should display full product details on detail page 

    Error: expect.toBeVisible: Error: strict mode violation: locator('h1') resolved to 2 elements:
        1) <h1 class="product-title">Red Tongs</h1> aka getByRole('heading', { name: 'Red Tongs' })
        2) <h1 class="product-title">Red Tongs</h1> aka getByText('Red Tongs').nth(2)

    Call log:
    [2m  - Expect "toBeVisible" with timeout 5000ms[22m
    [2m  - waiting for locator('h1')[22m


      48 | 		// Check for product heading (h1)
      49 | 		const heading = page.locator('h1');
    > 50 | 		await expect(heading).toBeVisible();
         | 		                      ^
      51 | 		
      52 | 		// Check for product description
      53 | 		await expect(page.getByText(/product description/i)).toBeVisible();
        at /Users/jamessun/Developer/GitHub/dummy-ecommerce/e2e/product-browsing.spec.js:50:25

    attachment #1: screenshot (image/png) ──────────────────────────────────────────────────────────
    test-results/product-browsing-Product-B-7f70c-duct-details-on-detail-page-webkit/test-failed-1.png
    ────────────────────────────────────────────────────────────────────────────────────────────────

    Error Context: test-results/product-browsing-Product-B-7f70c-duct-details-on-detail-page-webkit/error-context.md


[1A[2K(node:29215) Warning: The 'NO_COLOR' env is ignored due to the 'FORCE_COLOR' env being set.
(Use `node --trace-warnings ...` to show where the warning was created)


[1A[2K(node:29215) Warning: The 'NO_COLOR' env is ignored due to the 'FORCE_COLOR' env being set.
(Use `node --trace-warnings ...` to show where the warning was created)


[1A[2K[134/147] [webkit] › e2e/product-browsing.spec.js:100:2 › Product Browsing and Details › should display discount information
[1A[2K[135/147] [webkit] › e2e/search-and-filters.spec.js:9:2 › Search and Filter Functionality › should have search input field visible
[1A[2K[136/147] [webkit] › e2e/search-and-filters.spec.js:15:2 › Search and Filter Functionality › should filter products by search term
[1A[2K[137/147] [webkit] › e2e/search-and-filters.spec.js:29:2 › Search and Filter Functionality › should clear search and show all products
[1A[2K[138/147] [webkit] › e2e/search-and-filters.spec.js:46:2 › Search and Filter Functionality › should have category filter dropdown
[1A[2K[139/147] [webkit] › e2e/search-and-filters.spec.js:52:2 › Search and Filter Functionality › should have price range filter
[1A[2K[140/147] [webkit] › e2e/search-and-filters.spec.js:61:2 › Search and Filter Functionality › should filter products by price range
[1A[2K[141/147] [webkit] › e2e/search-and-filters.spec.js:75:2 › Search and Filter Functionality › should have order by dropdown
[1A[2K[142/147] [webkit] › e2e/search-and-filters.spec.js:81:2 › Search and Filter Functionality › should have sort order toggle (Descending/Ascending)
[1A[2K[143/147] [webkit] › e2e/search-and-filters.spec.js:87:2 › Search and Filter Functionality › should allow typing in search field
[1A[2K[144/147] [webkit] › e2e/search-and-filters.spec.js:97:2 › Search and Filter Functionality › should allow typing in min price field
[1A[2K  37) [webkit] › e2e/search-and-filters.spec.js:81:2 › Search and Filter Functionality › should have sort order toggle (Descending/Ascending) 

    Error: expect.toBeVisible: Error: strict mode violation: locator('text=/descending|ascending/i') resolved to 3 elements:
        1) <div role="alert" aria-atomic="true" aria-live="polite" class="divider text">Descending</div> aka getByRole('alert').filter({ hasText: 'Descending' })
        2) <span class="text">Ascending</span> aka getByText('Ascending')
        3) <span class="text">Descending</span> aka locator('span').filter({ hasText: 'Descending' })

    Call log:
    [2m  - Expect "toBeVisible" with timeout 5000ms[22m
    [2m  - waiting for locator('text=/descending|ascending/i')[22m


      82 | 		// Look for descending/ascending text
      83 | 		const sortToggle = page.locator('text=/descending|ascending/i');
    > 84 | 		await expect(sortToggle).toBeVisible();
         | 		                         ^
      85 | 	});
      86 |
      87 | 	test('should allow typing in search field', async ({ page }) => {
        at /Users/jamessun/Developer/GitHub/dummy-ecommerce/e2e/search-and-filters.spec.js:84:28

    attachment #1: screenshot (image/png) ──────────────────────────────────────────────────────────
    test-results/search-and-filters-Search--b786b-oggle-Descending-Ascending--webkit/test-failed-1.png
    ────────────────────────────────────────────────────────────────────────────────────────────────

    Error Context: test-results/search-and-filters-Search--b786b-oggle-Descending-Ascending--webkit/error-context.md


[1A[2K(node:29492) Warning: The 'NO_COLOR' env is ignored due to the 'FORCE_COLOR' env being set.
(Use `node --trace-warnings ...` to show where the warning was created)


[1A[2K(node:29492) Warning: The 'NO_COLOR' env is ignored due to the 'FORCE_COLOR' env being set.
(Use `node --trace-warnings ...` to show where the warning was created)


[1A[2K[145/147] [webkit] › e2e/search-and-filters.spec.js:107:2 › Search and Filter Functionality › should allow typing in max price field
[1A[2K[146/147] [webkit] › e2e/search-and-filters.spec.js:117:2 › Search and Filter Functionality › should display filter options section
[1A[2K[147/147] [webkit] › e2e/search-and-filters.spec.js:125:2 › Search and Filter Functionality › should search for specific product type
[1A[2K  38) [webkit] › e2e/complete-shopping-flow.spec.js:191:2 › Complete Shopping Flow › should handle rapid navigation without errors 

    [31mTest timeout of 30000ms exceeded.[39m

    Error: locator.click: Test timeout of 30000ms exceeded.
    Call log:
    [2m  - waiting for locator('a[href="/"]').first()[22m
    [2m    - locator resolved to <a href="/" class="sc-dicizt hfTRhB">…</a>[22m
    [2m  - attempting click action[22m
    [2m    2 × waiting for element to be visible, enabled and stable[22m
    [2m      - element is not visible[22m
    [2m    - retrying click action[22m
    [2m    - waiting 20ms[22m
    [2m    2 × waiting for element to be visible, enabled and stable[22m
    [2m      - element is not visible[22m
    [2m    - retrying click action[22m
    [2m      - waiting 100ms[22m
    [2m    57 × waiting for element to be visible, enabled and stable[22m
    [2m       - element is not visible[22m
    [2m     - retrying click action[22m
    [2m       - waiting 500ms[22m


      195 | 		await page.getByRole('link', { name: /shop/i }).first().click();
      196 | 		await page.locator('a[href="/cart"]').click();
    > 197 | 		await page.locator('a[href="/"]').first().click();
          | 		                                          ^
      198 | 		await page.getByRole('link', { name: /shop/i }).first().click();
      199 | 		
      200 | 		// Should end up on shop page
        at /Users/jamessun/Developer/GitHub/dummy-ecommerce/e2e/complete-shopping-flow.spec.js:197:45

    attachment #1: screenshot (image/png) ──────────────────────────────────────────────────────────
    test-results/complete-shopping-flow-Com-3b138-d-navigation-without-errors-webkit/test-failed-1.png
    ────────────────────────────────────────────────────────────────────────────────────────────────

    Error Context: test-results/complete-shopping-flow-Com-3b138-d-navigation-without-errors-webkit/error-context.md


[1A[2K  39) [webkit] › e2e/homepage-navigation.spec.js:56:2 › Homepage and Navigation › should have working logo link to homepage 

    [31mTest timeout of 30000ms exceeded.[39m

    Error: locator.click: Test timeout of 30000ms exceeded.
    Call log:
    [2m  - waiting for locator('a[href="/"]').first()[22m
    [2m    - locator resolved to <a href="/" class="sc-dicizt hfTRhB">…</a>[22m
    [2m  - attempting click action[22m
    [2m    2 × waiting for element to be visible, enabled and stable[22m
    [2m      - element is not visible[22m
    [2m    - retrying click action[22m
    [2m    - waiting 20ms[22m
    [2m    2 × waiting for element to be visible, enabled and stable[22m
    [2m      - element is not visible[22m
    [2m    - retrying click action[22m
    [2m      - waiting 100ms[22m
    [2m    57 × waiting for element to be visible, enabled and stable[22m
    [2m       - element is not visible[22m
    [2m     - retrying click action[22m
    [2m       - waiting 500ms[22m


      60 | 		
      61 | 		// Click logo to go back to homepage
    > 62 | 		await page.locator('a[href="/"]').first().click();
         | 		                                          ^
      63 | 		await expect(page).toHaveURL(/^.*\/$/);
      64 | 	});
      65 | });
        at /Users/jamessun/Developer/GitHub/dummy-ecommerce/e2e/homepage-navigation.spec.js:62:45

    attachment #1: screenshot (image/png) ──────────────────────────────────────────────────────────
    test-results/homepage-navigation-Homepa-930f8-rking-logo-link-to-homepage-webkit/test-failed-1.png
    ────────────────────────────────────────────────────────────────────────────────────────────────

    Error Context: test-results/homepage-navigation-Homepa-930f8-rking-logo-link-to-homepage-webkit/error-context.md


[1A[2K  39 failed
    [chromium] › e2e/cart-operations.spec.js:9:2 › Cart Operations › should add item to cart from product listing 
    [chromium] › e2e/cart-operations.spec.js:74:2 › Cart Operations › should disable add to cart button after adding item 
    [chromium] › e2e/cart-operations.spec.js:88:2 › Cart Operations › should allow adding multiple different products 
    [chromium] › e2e/cart-operations.spec.js:104:2 › Cart Operations › should maintain add to cart functionality after page reload 
    [chromium] › e2e/complete-shopping-flow.spec.js:4:2 › Complete Shopping Flow › should complete full shopping journey from homepage to shop 
    [chromium] › e2e/complete-shopping-flow.spec.js:78:2 › Complete Shopping Flow › should search for product and view details 
    [chromium] › e2e/complete-shopping-flow.spec.js:99:2 › Complete Shopping Flow › should filter by price and add item 
    [chromium] › e2e/complete-shopping-flow.spec.js:158:2 › Complete Shopping Flow › should have consistent header across all pages 
    [chromium] › e2e/complete-shopping-flow.spec.js:191:2 › Complete Shopping Flow › should handle rapid navigation without errors 
    [chromium] › e2e/homepage-navigation.spec.js:16:2 › Homepage and Navigation › should display header with logo and navigation 
    [chromium] › e2e/homepage-navigation.spec.js:56:2 › Homepage and Navigation › should have working logo link to homepage 
    [chromium] › e2e/product-browsing.spec.js:41:2 › Product Browsing and Details › should display full product details on detail page 
    [chromium] › e2e/search-and-filters.spec.js:81:2 › Search and Filter Functionality › should have sort order toggle (Descending/Ascending) 
    [firefox] › e2e/cart-operations.spec.js:9:2 › Cart Operations › should add item to cart from product listing 
    [firefox] › e2e/cart-operations.spec.js:74:2 › Cart Operations › should disable add to cart button after adding item 
    [firefox] › e2e/cart-operations.spec.js:88:2 › Cart Operations › should allow adding multiple different products 
    [firefox] › e2e/cart-operations.spec.js:104:2 › Cart Operations › should maintain add to cart functionality after page reload 
    [firefox] › e2e/complete-shopping-flow.spec.js:4:2 › Complete Shopping Flow › should complete full shopping journey from homepage to shop 
    [firefox] › e2e/complete-shopping-flow.spec.js:78:2 › Complete Shopping Flow › should search for product and view details 
    [firefox] › e2e/complete-shopping-flow.spec.js:99:2 › Complete Shopping Flow › should filter by price and add item 
    [firefox] › e2e/complete-shopping-flow.spec.js:158:2 › Complete Shopping Flow › should have consistent header across all pages 
    [firefox] › e2e/complete-shopping-flow.spec.js:191:2 › Complete Shopping Flow › should handle rapid navigation without errors 
    [firefox] › e2e/homepage-navigation.spec.js:16:2 › Homepage and Navigation › should display header with logo and navigation 
    [firefox] › e2e/homepage-navigation.spec.js:56:2 › Homepage and Navigation › should have working logo link to homepage 
    [firefox] › e2e/product-browsing.spec.js:41:2 › Product Browsing and Details › should display full product details on detail page 
    [firefox] › e2e/search-and-filters.spec.js:81:2 › Search and Filter Functionality › should have sort order toggle (Descending/Ascending) 
    [webkit] › e2e/cart-operations.spec.js:9:2 › Cart Operations › should add item to cart from product listing 
    [webkit] › e2e/cart-operations.spec.js:74:2 › Cart Operations › should disable add to cart button after adding item 
    [webkit] › e2e/cart-operations.spec.js:88:2 › Cart Operations › should allow adding multiple different products 
    [webkit] › e2e/cart-operations.spec.js:104:2 › Cart Operations › should maintain add to cart functionality after page reload 
    [webkit] › e2e/complete-shopping-flow.spec.js:4:2 › Complete Shopping Flow › should complete full shopping journey from homepage to shop 
    [webkit] › e2e/complete-shopping-flow.spec.js:78:2 › Complete Shopping Flow › should search for product and view details 
    [webkit] › e2e/complete-shopping-flow.spec.js:99:2 › Complete Shopping Flow › should filter by price and add item 
    [webkit] › e2e/complete-shopping-flow.spec.js:158:2 › Complete Shopping Flow › should have consistent header across all pages 
    [webkit] › e2e/complete-shopping-flow.spec.js:191:2 › Complete Shopping Flow › should handle rapid navigation without errors 
    [webkit] › e2e/homepage-navigation.spec.js:16:2 › Homepage and Navigation › should display header with logo and navigation 
    [webkit] › e2e/homepage-navigation.spec.js:56:2 › Homepage and Navigation › should have working logo link to homepage 
    [webkit] › e2e/product-browsing.spec.js:41:2 › Product Browsing and Details › should display full product details on detail page 
    [webkit] › e2e/search-and-filters.spec.js:81:2 › Search and Filter Functionality › should have sort order toggle (Descending/Ascending) 
  108 passed (2.5m)

  Serving HTML report at http://localhost:9323. Press Ctrl+C to quit.
